Archive member included to satisfy reference by file (symbol)

c:/progra~1/raspbe~1/picosd~1.1/gcc-ar~1/bin/../lib/gcc/arm-none-eabi/10.3.1/thumb/v6-m/nofp\libgcc.a(_dvmd_tls.o)
                              CMakeFiles/pico_hid_test.dir/C_/Program_Files/Raspberry_Pi/Pico_SDK_v1.5.1/pico-sdk/src/rp2_common/pico_divider/divider.S.obj (__aeabi_idiv0)
c:/progra~1/raspbe~1/picosd~1.1/gcc-ar~1/bin/../lib/gcc/arm-none-eabi/10.3.1/../../../../arm-none-eabi/lib/thumb/v6-m/nofp\libg.a(lib_a-calloc.o)
                              CMakeFiles/pico_hid_test.dir/C_/Program_Files/Raspberry_Pi/Pico_SDK_v1.5.1/pico-sdk/src/rp2_common/pico_malloc/pico_malloc.c.obj (calloc)
c:/progra~1/raspbe~1/picosd~1.1/gcc-ar~1/bin/../lib/gcc/arm-none-eabi/10.3.1/../../../../arm-none-eabi/lib/thumb/v6-m/nofp\libg.a(lib_a-callocr.o)
                              c:/progra~1/raspbe~1/picosd~1.1/gcc-ar~1/bin/../lib/gcc/arm-none-eabi/10.3.1/../../../../arm-none-eabi/lib/thumb/v6-m/nofp\libg.a(lib_a-calloc.o) (_calloc_r)
c:/progra~1/raspbe~1/picosd~1.1/gcc-ar~1/bin/../lib/gcc/arm-none-eabi/10.3.1/../../../../arm-none-eabi/lib/thumb/v6-m/nofp\libg.a(lib_a-errno.o)
                              c:/progra~1/raspbe~1/picosd~1.1/gcc-ar~1/bin/../lib/gcc/arm-none-eabi/10.3.1/../../../../arm-none-eabi/lib/thumb/v6-m/nofp\libg.a(lib_a-callocr.o) (__errno)
c:/progra~1/raspbe~1/picosd~1.1/gcc-ar~1/bin/../lib/gcc/arm-none-eabi/10.3.1/../../../../arm-none-eabi/lib/thumb/v6-m/nofp\libg.a(lib_a-impure.o)
                              c:/progra~1/raspbe~1/picosd~1.1/gcc-ar~1/bin/../lib/gcc/arm-none-eabi/10.3.1/../../../../arm-none-eabi/lib/thumb/v6-m/nofp\libg.a(lib_a-calloc.o) (_impure_ptr)
c:/progra~1/raspbe~1/picosd~1.1/gcc-ar~1/bin/../lib/gcc/arm-none-eabi/10.3.1/../../../../arm-none-eabi/lib/thumb/v6-m/nofp\libg.a(lib_a-init.o)
                              c:/progra~1/raspbe~1/picosd~1.1/gcc-ar~1/bin/../lib/gcc/arm-none-eabi/10.3.1/../../../../arm-none-eabi/lib/thumb/v6-m/nofp/crt0.o (__libc_init_array)
c:/progra~1/raspbe~1/picosd~1.1/gcc-ar~1/bin/../lib/gcc/arm-none-eabi/10.3.1/../../../../arm-none-eabi/lib/thumb/v6-m/nofp\libg.a(lib_a-malloc.o)
                              CMakeFiles/pico_hid_test.dir/C_/Program_Files/Raspberry_Pi/Pico_SDK_v1.5.1/pico-sdk/src/rp2_common/pico_malloc/pico_malloc.c.obj (malloc)
c:/progra~1/raspbe~1/picosd~1.1/gcc-ar~1/bin/../lib/gcc/arm-none-eabi/10.3.1/../../../../arm-none-eabi/lib/thumb/v6-m/nofp\libg.a(lib_a-mallocr.o)
                              c:/progra~1/raspbe~1/picosd~1.1/gcc-ar~1/bin/../lib/gcc/arm-none-eabi/10.3.1/../../../../arm-none-eabi/lib/thumb/v6-m/nofp\libg.a(lib_a-callocr.o) (_malloc_r)
c:/progra~1/raspbe~1/picosd~1.1/gcc-ar~1/bin/../lib/gcc/arm-none-eabi/10.3.1/../../../../arm-none-eabi/lib/thumb/v6-m/nofp\libg.a(lib_a-mlock.o)
                              c:/progra~1/raspbe~1/picosd~1.1/gcc-ar~1/bin/../lib/gcc/arm-none-eabi/10.3.1/../../../../arm-none-eabi/lib/thumb/v6-m/nofp\libg.a(lib_a-mallocr.o) (__malloc_lock)
c:/progra~1/raspbe~1/picosd~1.1/gcc-ar~1/bin/../lib/gcc/arm-none-eabi/10.3.1/../../../../arm-none-eabi/lib/thumb/v6-m/nofp\libg.a(lib_a-realloc.o)
                              CMakeFiles/pico_hid_test.dir/C_/Program_Files/Raspberry_Pi/Pico_SDK_v1.5.1/pico-sdk/src/rp2_common/pico_malloc/pico_malloc.c.obj (realloc)
c:/progra~1/raspbe~1/picosd~1.1/gcc-ar~1/bin/../lib/gcc/arm-none-eabi/10.3.1/../../../../arm-none-eabi/lib/thumb/v6-m/nofp\libg.a(lib_a-reallocr.o)
                              c:/progra~1/raspbe~1/picosd~1.1/gcc-ar~1/bin/../lib/gcc/arm-none-eabi/10.3.1/../../../../arm-none-eabi/lib/thumb/v6-m/nofp\libg.a(lib_a-realloc.o) (_realloc_r)
c:/progra~1/raspbe~1/picosd~1.1/gcc-ar~1/bin/../lib/gcc/arm-none-eabi/10.3.1/../../../../arm-none-eabi/lib/thumb/v6-m/nofp\libg.a(lib_a-sbrkr.o)
                              c:/progra~1/raspbe~1/picosd~1.1/gcc-ar~1/bin/../lib/gcc/arm-none-eabi/10.3.1/../../../../arm-none-eabi/lib/thumb/v6-m/nofp\libg.a(lib_a-mallocr.o) (_sbrk_r)
c:/progra~1/raspbe~1/picosd~1.1/gcc-ar~1/bin/../lib/gcc/arm-none-eabi/10.3.1/../../../../arm-none-eabi/lib/thumb/v6-m/nofp\libg.a(lib_a-strlen-stub.o)
                              CMakeFiles/pico_hid_test.dir/usb_descriptors.c.obj (strlen)
c:/progra~1/raspbe~1/picosd~1.1/gcc-ar~1/bin/../lib/gcc/arm-none-eabi/10.3.1/../../../../arm-none-eabi/lib/thumb/v6-m/nofp\libg.a(lib_a-freer.o)
                              c:/progra~1/raspbe~1/picosd~1.1/gcc-ar~1/bin/../lib/gcc/arm-none-eabi/10.3.1/../../../../arm-none-eabi/lib/thumb/v6-m/nofp\libg.a(lib_a-malloc.o) (_free_r)
c:/progra~1/raspbe~1/picosd~1.1/gcc-ar~1/bin/../lib/gcc/arm-none-eabi/10.3.1/../../../../arm-none-eabi/lib/thumb/v6-m/nofp\libg.a(lib_a-lock.o)
                              c:/progra~1/raspbe~1/picosd~1.1/gcc-ar~1/bin/../lib/gcc/arm-none-eabi/10.3.1/../../../../arm-none-eabi/lib/thumb/v6-m/nofp\libg.a(lib_a-mlock.o) (__retarget_lock_acquire_recursive)
[...]
Memory Configuration

Name             Origin             Length             Attributes
FLASH            0x10000000         0x00200000         xr
RAM              0x20000000         0x00040000         xrw
SCRATCH_X        0x20040000         0x00001000         xrw
SCRATCH_Y        0x20041000         0x00001000         xrw
*default*        0x00000000         0xffffffff

Linker script and memory map

LOAD c:/progra~1/raspbe~1/picosd~1.1/gcc-ar~1/bin/../lib/gcc/arm-none-eabi/10.3.1/thumb/v6-m/nofp/crti.o
LOAD c:/progra~1/raspbe~1/picosd~1.1/gcc-ar~1/bin/../lib/gcc/arm-none-eabi/10.3.1/thumb/v6-m/nofp/crtbegin.o
LOAD c:/progra~1/raspbe~1/picosd~1.1/gcc-ar~1/bin/../lib/gcc/arm-none-eabi/10.3.1/../../../../arm-none-eabi/lib/thumb/v6-m/nofp/crt0.o

.flash_begin    0x10000000        0x0
                0x10000000                __flash_binary_start = .

.boot2          0x10000000      0x100
                0x10000000                __boot2_start__ = .
 *(.boot2)
 .boot2         0x10000000      0x100 C:\Users\aydil\AppData\Local\Temp\cca8jRYg.o
                0x10000100                __boot2_end__ = .
                0x00000001                ASSERT (((__boot2_end__ - __boot2_start__) == 0x100), ERROR: Pico second stage bootloader must be 256 bytes in size)

.text           0x10000100     0x5fe0
                0x10000100                __logical_binary_start = .
 *(.vectors)
 .vectors       0x10000100       0xd4 CMakeFiles/pico_hid_test.dir/C_/Program_Files/Raspberry_Pi/Pico_SDK_v1.5.1/pico-sdk/src/rp2_common/pico_standard_link/crt0.S.obj
                0x10000100                __VECTOR_TABLE
                0x10000100                __vectors
                0x100001c0                isr_invalid
                0x100001c0                __default_isrs_start
                0x100001c2                isr_nmi
                0x100001c4                isr_hardfault
                0x100001c6                isr_svcall
                0x100001c8                isr_pendsv
                0x100001ca                isr_systick
                0x100001cc                isr_irq23
                0x100001cc                isr_irq18
                0x100001cc                isr_irq11
                0x100001cc                isr_irq28
                0x100001cc                isr_irq19
                0x100001cc                isr_irq0
                0x100001cc                isr_irq6
                0x100001cc                isr_irq5
                0x100001cc                isr_irq12
                0x100001cc                isr_irq22
                0x100001cc                isr_irq31
                0x100001cc                isr_irq17
                0x100001cc                isr_irq27
                0x100001cc                isr_irq30
                0x100001cc                isr_irq2
                0x100001cc                isr_irq10
                0x100001cc                isr_irq8
                0x100001cc                isr_irq24
                0x100001cc                isr_irq1
                0x100001cc                isr_irq7
                0x100001cc                isr_irq21
                0x100001cc                isr_irq20
                0x100001cc                isr_irq15
                0x100001cc                isr_irq25
                0x100001cc                isr_irq13
                0x100001cc                __unhandled_user_irq
                0x100001cc                isr_irq4
                0x100001cc                isr_irq16
                0x100001cc                isr_irq29
                0x100001cc                isr_irq26
                0x100001cc                __default_isrs_end
                0x100001cc                isr_irq3
                0x100001cc                isr_irq14
                0x100001cc                isr_irq9
                0x100001d2                unhandled_user_irq_num_in_r0
 *(.binary_info_header)
 .binary_info_header
                0x100001d4       0x14 CMakeFiles/pico_hid_test.dir/C_/Program_Files/Raspberry_Pi/Pico_SDK_v1.5.1/pico-sdk/src/rp2_common/pico_standard_link/crt0.S.obj
                0x100001e8                __binary_info_header_end = .
 *(.reset)
 .reset         0x100001e8       0xa0 CMakeFiles/pico_hid_test.dir/C_/Program_Files/Raspberry_Pi/Pico_SDK_v1.5.1/pico-sdk/src/rp2_common/pico_standard_link/crt0.S.obj
                0x100001e8                _entry_point
 .reset         0x10000288       0x30 CMakeFiles/pico_hid_test.dir/C_/Program_Files/Raspberry_Pi/Pico_SDK_v1.5.1/pico-sdk/src/rp2_common/pico_standard_link/binary_info.c.obj
 *(.init)
 .init          0x100002b8        0x4 c:/progra~1/raspbe~1/picosd~1.1/gcc-ar~1/bin/../lib/gcc/arm-none-eabi/10.3.1/thumb/v6-m/nofp/crti.o
                0x100002b8                _init
 *(EXCLUDE_FILE(*libm.a: *libc.a:*lib_a-mem*.o *libgcc.a:) .text*)
 .text          0x100002bc       0x48 c:/progra~1/raspbe~1/picosd~1.1/gcc-ar~1/bin/../lib/gcc/arm-none-eabi/10.3.1/thumb/v6-m/nofp/crtbegin.o
 .text.ascii_to_hid
                0x10000304       0xaa CMakeFiles/pico_hid_test.dir/main.c.obj
 *fill*         0x100003ae        0x2 
 .text.build_sequence
                0x100003b0       0x94 CMakeFiles/pico_hid_test.dir/main.c.obj
 .text.tud_mount_cb
                0x10000444       0x10 CMakeFiles/pico_hid_test.dir/main.c.obj
                0x10000444                tud_mount_cb
 .text.tud_umount_cb
                0x10000454       0x10 CMakeFiles/pico_hid_test.dir/main.c.obj
                0x10000454                tud_umount_cb
 .text.tud_suspend_cb
                0x10000464       0x10 CMakeFiles/pico_hid_test.dir/main.c.obj
                0x10000464                tud_suspend_cb
 .text.tud_resume_cb
                0x10000474       0x10 CMakeFiles/pico_hid_test.dir/main.c.obj
                0x10000474                tud_resume_cb
 .text.hid_task
                0x10000484      0x138 CMakeFiles/pico_hid_test.dir/main.c.obj
                0x10000484                hid_task
 .text.tud_hid_report_complete_cb
                0x100005bc        0x2 CMakeFiles/pico_hid_test.dir/main.c.obj
                0x100005bc                tud_hid_report_complete_cb
 .text.tud_hid_get_report_cb
                0x100005be        0x4 CMakeFiles/pico_hid_test.dir/main.c.obj
                0x100005be                tud_hid_get_report_cb
 *fill*         0x100005c2        0x2 
 .text.tud_hid_set_report_cb
                0x100005c4       0x40 CMakeFiles/pico_hid_test.dir/main.c.obj
                0x100005c4                tud_hid_set_report_cb
 .text.led_blinking_task
                0x10000604       0x6c CMakeFiles/pico_hid_test.dir/main.c.obj
                0x10000604                led_blinking_task
 .text.main     0x10000670       0x4c CMakeFiles/pico_hid_test.dir/main.c.obj
                0x10000670                main
 .text.tud_descriptor_device_cb
                0x100006bc        0x8 CMakeFiles/pico_hid_test.dir/usb_descriptors.c.obj
                0x100006bc                tud_descriptor_device_cb
 .text.tud_hid_descriptor_report_cb
                0x100006c4        0x8 CMakeFiles/pico_hid_test.dir/usb_descriptors.c.obj
                0x100006c4                tud_hid_descriptor_report_cb
 .text.tud_descriptor_configuration_cb
                0x100006cc        0x8 CMakeFiles/pico_hid_test.dir/usb_descriptors.c.obj
                0x100006cc                tud_descriptor_configuration_cb
 .text.tud_descriptor_string_cb
                0x100006d4       0x60 CMakeFiles/pico_hid_test.dir/usb_descriptors.c.obj
                0x100006d4                tud_descriptor_string_cb
 .text.gpio_set_function
                0x10000734       0x30 CMakeFiles/pico_hid_test.dir/C_/Program_Files/Raspberry_Pi/Pico_SDK_v1.5.1/pico-sdk/src/rp2_common/hardware_gpio/gpio.c.obj
                0x10000734                gpio_set_function
 .text.gpio_set_pulls
                0x10000764       0x34 CMakeFiles/pico_hid_test.dir/C_/Program_Files/Raspberry_Pi/Pico_SDK_v1.5.1/pico-sdk/src/rp2_common/hardware_gpio/gpio.c.obj
                0x10000764                gpio_set_pulls
 .text.gpio_init
                0x10000798       0x16 CMakeFiles/pico_hid_test.dir/C_/Program_Files/Raspberry_Pi/Pico_SDK_v1.5.1/pico-sdk/src/rp2_common/hardware_gpio/gpio.c.obj
                0x10000798                gpio_init
 *fill*         0x100007ae        0x2 
 .text.running_on_fpga
                0x100007b0       0x14 CMakeFiles/pico_hid_test.dir/C_/Program_Files/Raspberry_Pi/Pico_SDK_v1.5.1/pico-sdk/src/rp2_common/pico_platform/platform.c.obj
                0x100007b0                running_on_fpga
 .text.hw_claim_lock
                0x100007c4       0x18 CMakeFiles/pico_hid_test.dir/C_/Program_Files/Raspberry_Pi/Pico_SDK_v1.5.1/pico-sdk/src/rp2_common/hardware_claim/claim.c.obj
                0x100007c4                hw_claim_lock
 .text.hw_claim_unlock
                0x100007dc       0x14 CMakeFiles/pico_hid_test.dir/C_/Program_Files/Raspberry_Pi/Pico_SDK_v1.5.1/pico-sdk/src/rp2_common/hardware_claim/claim.c.obj
                0x100007dc                hw_claim_unlock
 .text.hw_claim_or_assert
                0x100007f0       0x32 CMakeFiles/pico_hid_test.dir/C_/Program_Files/Raspberry_Pi/Pico_SDK_v1.5.1/pico-sdk/src/rp2_common/hardware_claim/claim.c.obj
                0x100007f0                hw_claim_or_assert
 .text.hw_claim_unused_from_range
                0x10000822       0x50 CMakeFiles/pico_hid_test.dir/C_/Program_Files/Raspberry_Pi/Pico_SDK_v1.5.1/pico-sdk/src/rp2_common/hardware_claim/claim.c.obj
                0x10000822                hw_claim_unused_from_range
 *fill*         0x10000872        0x2 
 .text.spin_locks_reset
                0x10000874       0x20 CMakeFiles/pico_hid_test.dir/C_/Program_Files/Raspberry_Pi/Pico_SDK_v1.5.1/pico-sdk/src/rp2_common/hardware_sync/sync.c.obj
                0x10000874                spin_locks_reset
 .text.next_striped_spin_lock_num
                0x10000894       0x1c CMakeFiles/pico_hid_test.dir/C_/Program_Files/Raspberry_Pi/Pico_SDK_v1.5.1/pico-sdk/src/rp2_common/hardware_sync/sync.c.obj
                0x10000894                next_striped_spin_lock_num
 .text.spin_lock_claim_unused
                0x100008b0       0x20 CMakeFiles/pico_hid_test.dir/C_/Program_Files/Raspberry_Pi/Pico_SDK_v1.5.1/pico-sdk/src/rp2_common/hardware_sync/sync.c.obj
                0x100008b0                spin_lock_claim_unused
 .text.set_raw_irq_handler_and_unlock
                0x100008d0       0x28 CMakeFiles/pico_hid_test.dir/C_/Program_Files/Raspberry_Pi/Pico_SDK_v1.5.1/pico-sdk/src/rp2_common/hardware_irq/irq.c.obj
 .text.make_branch
                0x100008f8       0x48 CMakeFiles/pico_hid_test.dir/C_/Program_Files/Raspberry_Pi/Pico_SDK_v1.5.1/pico-sdk/src/rp2_common/hardware_irq/irq.c.obj
 .text.insert_branch_and_link
                0x10000940       0x40 CMakeFiles/pico_hid_test.dir/C_/Program_Files/Raspberry_Pi/Pico_SDK_v1.5.1/pico-sdk/src/rp2_common/hardware_irq/irq.c.obj
 .text.irq_is_enabled
                0x10000980       0x18 CMakeFiles/pico_hid_test.dir/C_/Program_Files/Raspberry_Pi/Pico_SDK_v1.5.1/pico-sdk/src/rp2_common/hardware_irq/irq.c.obj
                0x10000980                irq_is_enabled
 .text.irq_set_mask_enabled
                0x10000998       0x20 CMakeFiles/pico_hid_test.dir/C_/Program_Files/Raspberry_Pi/Pico_SDK_v1.5.1/pico-sdk/src/rp2_common/hardware_irq/irq.c.obj
                0x10000998                irq_set_mask_enabled
 .text.irq_set_enabled
                0x100009b8        0xe CMakeFiles/pico_hid_test.dir/C_/Program_Files/Raspberry_Pi/Pico_SDK_v1.5.1/pico-sdk/src/rp2_common/hardware_irq/irq.c.obj
                0x100009b8                irq_set_enabled
 *fill*         0x100009c6        0x2 
 .text.irq_get_vtable_handler
                0x100009c8       0x10 CMakeFiles/pico_hid_test.dir/C_/Program_Files/Raspberry_Pi/Pico_SDK_v1.5.1/pico-sdk/src/rp2_common/hardware_irq/irq.c.obj
                0x100009c8                irq_get_vtable_handler
 .text.irq_set_exclusive_handler
                0x100009d8       0x54 CMakeFiles/pico_hid_test.dir/C_/Program_Files/Raspberry_Pi/Pico_SDK_v1.5.1/pico-sdk/src/rp2_common/hardware_irq/irq.c.obj
                0x100009d8                irq_set_exclusive_handler
 .text.irq_add_shared_handler
                0x10000a2c      0x234 CMakeFiles/pico_hid_test.dir/C_/Program_Files/Raspberry_Pi/Pico_SDK_v1.5.1/pico-sdk/src/rp2_common/hardware_irq/irq.c.obj
                0x10000a2c                irq_add_shared_handler
 .text.irq_remove_handler
                0x10000c60      0x1ac CMakeFiles/pico_hid_test.dir/C_/Program_Files/Raspberry_Pi/Pico_SDK_v1.5.1/pico-sdk/src/rp2_common/hardware_irq/irq.c.obj
                0x10000c60                irq_remove_handler
 .text.irq_add_tail_to_free_list
                0x10000e0c       0xf0 CMakeFiles/pico_hid_test.dir/C_/Program_Files/Raspberry_Pi/Pico_SDK_v1.5.1/pico-sdk/src/rp2_common/hardware_irq/irq.c.obj
                0x10000e0c                irq_add_tail_to_free_list
 .text.irq_init_priorities
                0x10000efc       0x1c CMakeFiles/pico_hid_test.dir/C_/Program_Files/Raspberry_Pi/Pico_SDK_v1.5.1/pico-sdk/src/rp2_common/hardware_irq/irq.c.obj
                0x10000efc                irq_init_priorities
 .text.lock_init
                0x10000f18       0x10 CMakeFiles/pico_hid_test.dir/C_/Program_Files/Raspberry_Pi/Pico_SDK_v1.5.1/pico-sdk/src/common/pico_sync/lock_core.c.obj
                0x10000f18                lock_init
 .text.mutex_init
                0x10000f28       0x1a CMakeFiles/pico_hid_test.dir/C_/Program_Files/Raspberry_Pi/Pico_SDK_v1.5.1/pico-sdk/src/common/pico_sync/mutex.c.obj
                0x10000f28                mutex_init
 .text.recursive_mutex_init
                0x10000f42       0x1e CMakeFiles/pico_hid_test.dir/C_/Program_Files/Raspberry_Pi/Pico_SDK_v1.5.1/pico-sdk/src/common/pico_sync/mutex.c.obj
                0x10000f42                recursive_mutex_init
 .text.critical_section_init_with_lock_num
                0x10000f60       0x14 CMakeFiles/pico_hid_test.dir/C_/Program_Files/Raspberry_Pi/Pico_SDK_v1.5.1/pico-sdk/src/common/pico_sync/critical_section.c.obj
                0x10000f60                critical_section_init_with_lock_num
 .text.critical_section_init
                0x10000f74       0x14 CMakeFiles/pico_hid_test.dir/C_/Program_Files/Raspberry_Pi/Pico_SDK_v1.5.1/pico-sdk/src/common/pico_sync/critical_section.c.obj
                0x10000f74                critical_section_init
 .text.alarm_pool_post_alloc_init
                0x10000f88       0x40 CMakeFiles/pico_hid_test.dir/C_/Program_Files/Raspberry_Pi/Pico_SDK_v1.5.1/pico-sdk/src/common/pico_time/time.c.obj
 .text.sleep_until_callback
                0x10000fc8       0x30 CMakeFiles/pico_hid_test.dir/C_/Program_Files/Raspberry_Pi/Pico_SDK_v1.5.1/pico-sdk/src/common/pico_time/time.c.obj
 .text.timer_pool_entry_comparator
                0x10000ff8       0x7c CMakeFiles/pico_hid_test.dir/C_/Program_Files/Raspberry_Pi/Pico_SDK_v1.5.1/pico-sdk/src/common/pico_time/time.c.obj
                0x10000ff8                timer_pool_entry_comparator
 .text.ph_add_child_node
                0x10001074       0xa4 CMakeFiles/pico_hid_test.dir/C_/Program_Files/Raspberry_Pi/Pico_SDK_v1.5.1/pico-sdk/src/common/pico_time/time.c.obj
 .text.ph_merge_nodes
                0x10001118       0x3e CMakeFiles/pico_hid_test.dir/C_/Program_Files/Raspberry_Pi/Pico_SDK_v1.5.1/pico-sdk/src/common/pico_time/time.c.obj
 *fill*         0x10001156        0x2 
 .text.add_alarm_under_lock
                0x10001158      0x174 CMakeFiles/pico_hid_test.dir/C_/Program_Files/Raspberry_Pi/Pico_SDK_v1.5.1/pico-sdk/src/common/pico_time/time.c.obj
 .text.alarm_pool_alarm_callback
                0x100012cc      0x33c CMakeFiles/pico_hid_test.dir/C_/Program_Files/Raspberry_Pi/Pico_SDK_v1.5.1/pico-sdk/src/common/pico_time/time.c.obj
 .text.alarm_pool_init_default
                0x10001608       0x40 CMakeFiles/pico_hid_test.dir/C_/Program_Files/Raspberry_Pi/Pico_SDK_v1.5.1/pico-sdk/src/common/pico_time/time.c.obj
                0x10001608                alarm_pool_init_default
 .text.alarm_pool_get_default
                0x10001648       0x2c CMakeFiles/pico_hid_test.dir/C_/Program_Files/Raspberry_Pi/Pico_SDK_v1.5.1/pico-sdk/src/common/pico_time/time.c.obj
                0x10001648                alarm_pool_get_default
 .text.alarm_pool_add_alarm_at
                0x10001674      0x168 CMakeFiles/pico_hid_test.dir/C_/Program_Files/Raspberry_Pi/Pico_SDK_v1.5.1/pico-sdk/src/common/pico_time/time.c.obj
                0x10001674                alarm_pool_add_alarm_at
 .text.alarm_pool_cancel_alarm
                0x100017dc       0xf8 CMakeFiles/pico_hid_test.dir/C_/Program_Files/Raspberry_Pi/Pico_SDK_v1.5.1/pico-sdk/src/common/pico_time/time.c.obj
                0x100017dc                alarm_pool_cancel_alarm
 .text.best_effort_wfe_or_timeout
                0x100018d4       0xac CMakeFiles/pico_hid_test.dir/C_/Program_Files/Raspberry_Pi/Pico_SDK_v1.5.1/pico-sdk/src/common/pico_time/time.c.obj
                0x100018d4                best_effort_wfe_or_timeout
 .text.hardware_alarm_irq_handler
                0x10001980       0x90 CMakeFiles/pico_hid_test.dir/C_/Program_Files/Raspberry_Pi/Pico_SDK_v1.5.1/pico-sdk/src/rp2_common/hardware_timer/timer.c.obj
 .text.hardware_alarm_claim
                0x10001a10       0x18 CMakeFiles/pico_hid_test.dir/C_/Program_Files/Raspberry_Pi/Pico_SDK_v1.5.1/pico-sdk/src/rp2_common/hardware_timer/timer.c.obj
                0x10001a10                hardware_alarm_claim
 .text.time_us_64
                0x10001a28       0x18 CMakeFiles/pico_hid_test.dir/C_/Program_Files/Raspberry_Pi/Pico_SDK_v1.5.1/pico-sdk/src/rp2_common/hardware_timer/timer.c.obj
                0x10001a28                time_us_64
 .text.hardware_alarm_set_callback
                0x10001a40       0x90 CMakeFiles/pico_hid_test.dir/C_/Program_Files/Raspberry_Pi/Pico_SDK_v1.5.1/pico-sdk/src/rp2_common/hardware_timer/timer.c.obj
                0x10001a40                hardware_alarm_set_callback
 .text.hardware_alarm_set_target
                0x10001ad0       0xe8 CMakeFiles/pico_hid_test.dir/C_/Program_Files/Raspberry_Pi/Pico_SDK_v1.5.1/pico-sdk/src/rp2_common/hardware_timer/timer.c.obj
                0x10001ad0                hardware_alarm_set_target
 .text.hardware_alarm_cancel
                0x10001bb8       0x40 CMakeFiles/pico_hid_test.dir/C_/Program_Files/Raspberry_Pi/Pico_SDK_v1.5.1/pico-sdk/src/rp2_common/hardware_timer/timer.c.obj
                0x10001bb8                hardware_alarm_cancel
 .text.ph_add_child_node
                0x10001bf8       0xa4 CMakeFiles/pico_hid_test.dir/C_/Program_Files/Raspberry_Pi/Pico_SDK_v1.5.1/pico-sdk/src/common/pico_util/pheap.c.obj
 .text.ph_merge_nodes
                0x10001c9c       0x3e CMakeFiles/pico_hid_test.dir/C_/Program_Files/Raspberry_Pi/Pico_SDK_v1.5.1/pico-sdk/src/common/pico_util/pheap.c.obj
 *fill*         0x10001cda        0x2 
 .text.ph_clear
                0x10001cdc       0x70 CMakeFiles/pico_hid_test.dir/C_/Program_Files/Raspberry_Pi/Pico_SDK_v1.5.1/pico-sdk/src/common/pico_util/pheap.c.obj
                0x10001cdc                ph_clear
 .text.ph_post_alloc_init
                0x10001d4c        0xe CMakeFiles/pico_hid_test.dir/C_/Program_Files/Raspberry_Pi/Pico_SDK_v1.5.1/pico-sdk/src/common/pico_util/pheap.c.obj
                0x10001d4c                ph_post_alloc_init
 *fill*         0x10001d5a        0x2 
 .text.ph_merge_two_pass
                0x10001d5c       0xa8 CMakeFiles/pico_hid_test.dir/C_/Program_Files/Raspberry_Pi/Pico_SDK_v1.5.1/pico-sdk/src/common/pico_util/pheap.c.obj
                0x10001d5c                ph_merge_two_pass
 .text.ph_remove_any_head
                0x10001e04      0x128 CMakeFiles/pico_hid_test.dir/C_/Program_Files/Raspberry_Pi/Pico_SDK_v1.5.1/pico-sdk/src/common/pico_util/pheap.c.obj
 .text.ph_remove_head
                0x10001f2c       0x14 CMakeFiles/pico_hid_test.dir/C_/Program_Files/Raspberry_Pi/Pico_SDK_v1.5.1/pico-sdk/src/common/pico_util/pheap.c.obj
                0x10001f2c                ph_remove_head
 .text.ph_remove_and_free_node
                0x10001f40       0xf8 CMakeFiles/pico_hid_test.dir/C_/Program_Files/Raspberry_Pi/Pico_SDK_v1.5.1/pico-sdk/src/common/pico_util/pheap.c.obj
                0x10001f40                ph_remove_and_free_node
 .text.clock_configure
                0x10002038      0x108 CMakeFiles/pico_hid_test.dir/C_/Program_Files/Raspberry_Pi/Pico_SDK_v1.5.1/pico-sdk/src/rp2_common/hardware_clocks/clocks.c.obj
                0x10002038                clock_configure
 .text.clocks_init
                0x10002140      0x100 CMakeFiles/pico_hid_test.dir/C_/Program_Files/Raspberry_Pi/Pico_SDK_v1.5.1/pico-sdk/src/rp2_common/hardware_clocks/clocks.c.obj
                0x10002140                clocks_init
 .text.pll_init
                0x10002240      0x120 CMakeFiles/pico_hid_test.dir/C_/Program_Files/Raspberry_Pi/Pico_SDK_v1.5.1/pico-sdk/src/rp2_common/hardware_pll/pll.c.obj
                0x10002240                pll_init
 .text.watchdog_start_tick
                0x10002360       0x10 CMakeFiles/pico_hid_test.dir/C_/Program_Files/Raspberry_Pi/Pico_SDK_v1.5.1/pico-sdk/src/rp2_common/hardware_watchdog/watchdog.c.obj
                0x10002360                watchdog_start_tick
 .text.xosc_init
                0x10002370       0x28 CMakeFiles/pico_hid_test.dir/C_/Program_Files/Raspberry_Pi/Pico_SDK_v1.5.1/pico-sdk/src/rp2_common/hardware_xosc/xosc.c.obj
                0x10002370                xosc_init
 .text._exit    0x10002398        0x4 CMakeFiles/pico_hid_test.dir/C_/Program_Files/Raspberry_Pi/Pico_SDK_v1.5.1/pico-sdk/src/rp2_common/pico_runtime/runtime.c.obj
                0x10002398                _exit
 .text.exit     0x1000239c        0x6 CMakeFiles/pico_hid_test.dir/C_/Program_Files/Raspberry_Pi/Pico_SDK_v1.5.1/pico-sdk/src/rp2_common/pico_runtime/runtime.c.obj
                0x1000239c                exit
 *fill*         0x100023a2        0x2 
 .text.__assert_func
                0x100023a4       0x3c CMakeFiles/pico_hid_test.dir/C_/Program_Files/Raspberry_Pi/Pico_SDK_v1.5.1/pico-sdk/src/rp2_common/pico_runtime/runtime.c.obj
                0x100023a4                __assert_func
 .text.runtime_init
                0x100023e0       0xf8 CMakeFiles/pico_hid_test.dir/C_/Program_Files/Raspberry_Pi/Pico_SDK_v1.5.1/pico-sdk/src/rp2_common/pico_runtime/runtime.c.obj
                0x100023e0                runtime_init
 .text.panic    0x100024d8       0x30 CMakeFiles/pico_hid_test.dir/C_/Program_Files/Raspberry_Pi/Pico_SDK_v1.5.1/pico-sdk/src/rp2_common/pico_runtime/runtime.c.obj
                0x100024d8                panic
 .text._out_null
                0x10002508        0x2 CMakeFiles/pico_hid_test.dir/C_/Program_Files/Raspberry_Pi/Pico_SDK_v1.5.1/pico-sdk/src/rp2_common/pico_printf/printf.c.obj
 .text._out_fct
                0x1000250a        0xe CMakeFiles/pico_hid_test.dir/C_/Program_Files/Raspberry_Pi/Pico_SDK_v1.5.1/pico-sdk/src/rp2_common/pico_printf/printf.c.obj
 .text._atoi    0x10002518       0x24 CMakeFiles/pico_hid_test.dir/C_/Program_Files/Raspberry_Pi/Pico_SDK_v1.5.1/pico-sdk/src/rp2_common/pico_printf/printf.c.obj
 .text._out_rev
                0x1000253c       0xae CMakeFiles/pico_hid_test.dir/C_/Program_Files/Raspberry_Pi/Pico_SDK_v1.5.1/pico-sdk/src/rp2_common/pico_printf/printf.c.obj
 .text._ntoa_format
                0x100025ea      0x112 CMakeFiles/pico_hid_test.dir/C_/Program_Files/Raspberry_Pi/Pico_SDK_v1.5.1/pico-sdk/src/rp2_common/pico_printf/printf.c.obj
 .text._ntoa_long
                0x100026fc       0xbc CMakeFiles/pico_hid_test.dir/C_/Program_Files/Raspberry_Pi/Pico_SDK_v1.5.1/pico-sdk/src/rp2_common/pico_printf/printf.c.obj
 .text._ntoa_long_long
                0x100027b8       0xe2 CMakeFiles/pico_hid_test.dir/C_/Program_Files/Raspberry_Pi/Pico_SDK_v1.5.1/pico-sdk/src/rp2_common/pico_printf/printf.c.obj
 *fill*         0x1000289a        0x2 
 .text._etoa    0x1000289c      0x414 CMakeFiles/pico_hid_test.dir/C_/Program_Files/Raspberry_Pi/Pico_SDK_v1.5.1/pico-sdk/src/rp2_common/pico_printf/printf.c.obj
 .text._ftoa    0x10002cb0      0x354 CMakeFiles/pico_hid_test.dir/C_/Program_Files/Raspberry_Pi/Pico_SDK_v1.5.1/pico-sdk/src/rp2_common/pico_printf/printf.c.obj
 .text._vsnprintf
                0x10003004      0x624 CMakeFiles/pico_hid_test.dir/C_/Program_Files/Raspberry_Pi/Pico_SDK_v1.5.1/pico-sdk/src/rp2_common/pico_printf/printf.c.obj
 .text.vfctprintf
                0x10003628       0x20 CMakeFiles/pico_hid_test.dir/C_/Program_Files/Raspberry_Pi/Pico_SDK_v1.5.1/pico-sdk/src/rp2_common/pico_printf/printf.c.obj
                0x10003628                vfctprintf
 .text          0x10003648       0x10 CMakeFiles/pico_hid_test.dir/C_/Program_Files/Raspberry_Pi/Pico_SDK_v1.5.1/pico-sdk/src/rp2_common/pico_bit_ops/bit_ops_aeabi.S.obj
 .text.rom_func_lookup
                0x10003658       0x10 CMakeFiles/pico_hid_test.dir/C_/Program_Files/Raspberry_Pi/Pico_SDK_v1.5.1/pico-sdk/src/rp2_common/pico_bootrom/bootrom.c.obj
                0x10003658                rom_func_lookup
 .text.rom_data_lookup
                0x10003668       0x10 CMakeFiles/pico_hid_test.dir/C_/Program_Files/Raspberry_Pi/Pico_SDK_v1.5.1/pico-sdk/src/rp2_common/pico_bootrom/bootrom.c.obj
                0x10003668                rom_data_lookup
 .text.rom_funcs_lookup
                0x10003678       0x36 CMakeFiles/pico_hid_test.dir/C_/Program_Files/Raspberry_Pi/Pico_SDK_v1.5.1/pico-sdk/src/rp2_common/pico_bootrom/bootrom.c.obj
                0x10003678                rom_funcs_lookup
 *fill*         0x100036ae        0x2 
 .text.__wrap___aeabi_idiv
                0x100036b0       0x50 CMakeFiles/pico_hid_test.dir/C_/Program_Files/Raspberry_Pi/Pico_SDK_v1.5.1/pico-sdk/src/rp2_common/pico_divider/divider.S.obj
                0x100036b0                __wrap___aeabi_idivmod
                0x100036b0                divmod_s32s32
                0x100036b0                div_s32s32
                0x100036b0                __wrap___aeabi_idiv
                0x100036b8                divmod_s32s32_unsafe
                0x100036e4                divmod_s32s32_savestate
 .text.__wrap___aeabi_uidiv
                0x10003700       0x4c CMakeFiles/pico_hid_test.dir/C_/Program_Files/Raspberry_Pi/Pico_SDK_v1.5.1/pico-sdk/src/rp2_common/pico_divider/divider.S.obj
                0x10003700                __wrap___aeabi_uidiv
                0x10003700                __wrap___aeabi_uidivmod
                0x10003700                div_u32u32
                0x10003700                divmod_u32u32
                0x10003708                divmod_u32u32_unsafe
                0x10003730                divmod_u32u32_savestate
 .text.__wrap___aeabi_ldiv
                0x1000374c      0x424 CMakeFiles/pico_hid_test.dir/C_/Program_Files/Raspberry_Pi/Pico_SDK_v1.5.1/pico-sdk/src/rp2_common/pico_divider/divider.S.obj
                0x1000374c                div_s64s64
                0x1000374c                divmod_s64s64
                0x1000374c                __wrap___aeabi_ldivmod
                0x1000377c                divmod_u64u64
                0x1000377c                div_u64u64
                0x1000377c                __wrap___aeabi_uldivmod
                0x1000378c                divmod_u64u64_savestate
                0x100037ac                divmod_s64s64_unsafe
                0x10003834                divmod_u64u64_unsafe
 .text.__wrap___aeabi_darithmetic
                0x10003b70       0x80 CMakeFiles/pico_hid_test.dir/C_/Program_Files/Raspberry_Pi/Pico_SDK_v1.5.1/pico-sdk/src/rp2_common/pico_double/double_aeabi.S.obj
                0x10003b70                __wrap___aeabi_drsub
                0x10003b76                __wrap___aeabi_dsub
                0x10003b88                __wrap___aeabi_dadd
                0x10003b9a                __wrap___aeabi_ddiv
                0x10003bd6                __wrap___aeabi_dmul
 .text.__wrap___aeabi_cdcmple
                0x10003bf0       0x6c CMakeFiles/pico_hid_test.dir/C_/Program_Files/Raspberry_Pi/Pico_SDK_v1.5.1/pico-sdk/src/rp2_common/pico_double/double_aeabi.S.obj
                0x10003bf0                __wrap___aeabi_cdrcmple
                0x10003c00                __wrap___aeabi_cdcmpeq
                0x10003c00                __wrap___aeabi_cdcmple
 .text.__wrap___aeabi_dcmplt
                0x10003c5c        0xc CMakeFiles/pico_hid_test.dir/C_/Program_Files/Raspberry_Pi/Pico_SDK_v1.5.1/pico-sdk/src/rp2_common/pico_double/double_aeabi.S.obj
                0x10003c5c                __wrap___aeabi_dcmplt
 .text.__wrap___aeabi_dcmple
                0x10003c68       0x10 CMakeFiles/pico_hid_test.dir/C_/Program_Files/Raspberry_Pi/Pico_SDK_v1.5.1/pico-sdk/src/rp2_common/pico_double/double_aeabi.S.obj
                0x10003c68                __wrap___aeabi_dcmple
 .text.__wrap___aeabi_dcmpge
                0x10003c78       0x10 CMakeFiles/pico_hid_test.dir/C_/Program_Files/Raspberry_Pi/Pico_SDK_v1.5.1/pico-sdk/src/rp2_common/pico_double/double_aeabi.S.obj
                0x10003c78                __wrap___aeabi_dcmpge
 .text.__wrap___aeabi_dcmpgt
                0x10003c88        0xa CMakeFiles/pico_hid_test.dir/C_/Program_Files/Raspberry_Pi/Pico_SDK_v1.5.1/pico-sdk/src/rp2_common/pico_double/double_aeabi.S.obj
                0x10003c88                __wrap___aeabi_dcmpgt
 .text.__wrap___aeabi_dcmpun
                0x10003c92       0x1c CMakeFiles/pico_hid_test.dir/C_/Program_Files/Raspberry_Pi/Pico_SDK_v1.5.1/pico-sdk/src/rp2_common/pico_double/double_aeabi.S.obj
                0x10003c92                __wrap___aeabi_dcmpun
 *fill*         0x10003cae        0x2 
 .text.__wrap___aeabi_i2d
                0x10003cb0       0x38 CMakeFiles/pico_hid_test.dir/C_/Program_Files/Raspberry_Pi/Pico_SDK_v1.5.1/pico-sdk/src/rp2_common/pico_double/double_aeabi.S.obj
                0x10003cb0                __wrap___aeabi_ui2d
                0x10003cb8                __wrap___aeabi_i2d
 .text.__wrap___aeabi_d2iz
                0x10003ce8       0x48 CMakeFiles/pico_hid_test.dir/C_/Program_Files/Raspberry_Pi/Pico_SDK_v1.5.1/pico-sdk/src/rp2_common/pico_double/double_aeabi.S.obj
                0x10003ce8                double2int_z
                0x10003ce8                __wrap___aeabi_d2iz
 .text.__wrap___aeabi_d2uiz
                0x10003d30       0x18 CMakeFiles/pico_hid_test.dir/C_/Program_Files/Raspberry_Pi/Pico_SDK_v1.5.1/pico-sdk/src/rp2_common/pico_double/double_aeabi.S.obj
                0x10003d30                __wrap___aeabi_d2uiz
                0x10003d30                double2uint
 .text.__aeabi_double_init
                0x10003d48       0xc8 CMakeFiles/pico_hid_test.dir/C_/Program_Files/Raspberry_Pi/Pico_SDK_v1.5.1/pico-sdk/src/rp2_common/pico_double/double_init_rom.c.obj
                0x10003d48                __aeabi_double_init
 .text.double_table_shim_on_use_helper
                0x10003e10       0x34 CMakeFiles/pico_hid_test.dir/C_/Program_Files/Raspberry_Pi/Pico_SDK_v1.5.1/pico-sdk/src/rp2_common/pico_double/double_v1_rom_shim.S.obj
                0x10003e10                double_table_shim_on_use_helper
 .text.__wrap___aeabi_dsub
                0x10003e44       0x10 CMakeFiles/pico_hid_test.dir/C_/Program_Files/Raspberry_Pi/Pico_SDK_v1.5.1/pico-sdk/src/rp2_common/pico_double/double_v1_rom_shim.S.obj
                0x10003e44                drsub_shim
                0x10003e4a                dsub_shim
 .text.dadd_shim
                0x10003e54      0x15c CMakeFiles/pico_hid_test.dir/C_/Program_Files/Raspberry_Pi/Pico_SDK_v1.5.1/pico-sdk/src/rp2_common/pico_double/double_v1_rom_shim.S.obj
                0x10003e54                dadd_shim
 .text.dmul_shim
                0x10003fb0      0x15c CMakeFiles/pico_hid_test.dir/C_/Program_Files/Raspberry_Pi/Pico_SDK_v1.5.1/pico-sdk/src/rp2_common/pico_double/double_v1_rom_shim.S.obj
                0x10003fb0                dmul_shim
 .text.ddiv_shim
                0x1000410c      0x1b0 CMakeFiles/pico_hid_test.dir/C_/Program_Files/Raspberry_Pi/Pico_SDK_v1.5.1/pico-sdk/src/rp2_common/pico_double/double_v1_rom_shim.S.obj
                0x1000410c                ddiv_shim
 .text.double2uint_shim
                0x100042bc        0xe CMakeFiles/pico_hid_test.dir/C_/Program_Files/Raspberry_Pi/Pico_SDK_v1.5.1/pico-sdk/src/rp2_common/pico_double/double_v1_rom_shim.S.obj
                0x100042bc                double2uint_shim
                0x100042be                double2ufix_shim
 *fill*         0x100042ca        0x2 
 .text.double2uint64_shim
                0x100042cc       0x70 CMakeFiles/pico_hid_test.dir/C_/Program_Files/Raspberry_Pi/Pico_SDK_v1.5.1/pico-sdk/src/rp2_common/pico_double/double_v1_rom_shim.S.obj
                0x100042cc                double2uint64_shim
                0x100042ce                double2ufix64_shim
                0x100042ee                d2fix_a
 .text.dunpacks
                0x1000433c       0x3c CMakeFiles/pico_hid_test.dir/C_/Program_Files/Raspberry_Pi/Pico_SDK_v1.5.1/pico-sdk/src/rp2_common/pico_double/double_v1_rom_shim.S.obj
                0x1000433c                dunpacks
 .text.__aeabi_lmul
                0x10004378       0x32 CMakeFiles/pico_hid_test.dir/C_/Program_Files/Raspberry_Pi/Pico_SDK_v1.5.1/pico-sdk/src/rp2_common/pico_int64_ops/pico_int64_ops_aeabi.S.obj
                0x10004378                __wrap___aeabi_lmul
 *fill*         0x100043aa        0x2 
 .text.__aeabi_float_init
                0x100043ac       0xfc CMakeFiles/pico_hid_test.dir/C_/Program_Files/Raspberry_Pi/Pico_SDK_v1.5.1/pico-sdk/src/rp2_common/pico_float/float_init_rom.c.obj
                0x100043ac                __aeabi_float_init
 .text.float_table_shim_on_use_helper
                0x100044a8       0x34 CMakeFiles/pico_hid_test.dir/C_/Program_Files/Raspberry_Pi/Pico_SDK_v1.5.1/pico-sdk/src/rp2_common/pico_float/float_v1_rom_shim.S.obj
                0x100044a8                float_table_shim_on_use_helper
 .text          0x100044dc       0x10 CMakeFiles/pico_hid_test.dir/C_/Program_Files/Raspberry_Pi/Pico_SDK_v1.5.1/pico-sdk/src/rp2_common/pico_mem_ops/mem_ops_aeabi.S.obj
                0x100044dc                __aeabi_mem_init
 .text.memset   0x100044ec        0xc CMakeFiles/pico_hid_test.dir/C_/Program_Files/Raspberry_Pi/Pico_SDK_v1.5.1/pico-sdk/src/rp2_common/pico_mem_ops/mem_ops_aeabi.S.obj
                0x100044ec                __wrap_memset
 .text.memcpy   0x100044f8        0xc CMakeFiles/pico_hid_test.dir/C_/Program_Files/Raspberry_Pi/Pico_SDK_v1.5.1/pico-sdk/src/rp2_common/pico_mem_ops/mem_ops_aeabi.S.obj
                0x100044f8                __wrap_memcpy
                0x100044f8                __wrap___aeabi_memcpy
 .text.stdio_out_chars_no_crlf
                0x10004504        0xe CMakeFiles/pico_hid_test.dir/C_/Program_Files/Raspberry_Pi/Pico_SDK_v1.5.1/pico-sdk/src/rp2_common/pico_stdio/stdio.c.obj
 *fill*         0x10004512        0x2 
 .text.stdio_out_chars_crlf
                0x10004514       0x80 CMakeFiles/pico_hid_test.dir/C_/Program_Files/Raspberry_Pi/Pico_SDK_v1.5.1/pico-sdk/src/rp2_common/pico_stdio/stdio.c.obj
 .text.stdio_stack_buffer_flush
                0x10004594       0x44 CMakeFiles/pico_hid_test.dir/C_/Program_Files/Raspberry_Pi/Pico_SDK_v1.5.1/pico-sdk/src/rp2_common/pico_stdio/stdio.c.obj
 .text.stdio_buffered_printer
                0x100045d8       0x20 CMakeFiles/pico_hid_test.dir/C_/Program_Files/Raspberry_Pi/Pico_SDK_v1.5.1/pico-sdk/src/rp2_common/pico_stdio/stdio.c.obj
 .text.stdout_serialize_begin
                0x100045f8       0x5c CMakeFiles/pico_hid_test.dir/C_/Program_Files/Raspberry_Pi/Pico_SDK_v1.5.1/pico-sdk/src/rp2_common/pico_stdio/stdio.c.obj
                0x100045f8                stdout_serialize_begin
 .text.stdout_serialize_end
                0x10004654       0x10 CMakeFiles/pico_hid_test.dir/C_/Program_Files/Raspberry_Pi/Pico_SDK_v1.5.1/pico-sdk/src/rp2_common/pico_stdio/stdio.c.obj
                0x10004654                stdout_serialize_end
 .text.stdio_put_string
                0x10004664       0x98 CMakeFiles/pico_hid_test.dir/C_/Program_Files/Raspberry_Pi/Pico_SDK_v1.5.1/pico-sdk/src/rp2_common/pico_stdio/stdio.c.obj
 .text.stdio_flush
                0x100046fc       0x20 CMakeFiles/pico_hid_test.dir/C_/Program_Files/Raspberry_Pi/Pico_SDK_v1.5.1/pico-sdk/src/rp2_common/pico_stdio/stdio.c.obj
                0x100046fc                stdio_flush
 .text.__wrap_puts
                0x1000471c       0x1e CMakeFiles/pico_hid_test.dir/C_/Program_Files/Raspberry_Pi/Pico_SDK_v1.5.1/pico-sdk/src/rp2_common/pico_stdio/stdio.c.obj
                0x1000471c                __wrap_puts
 *fill*         0x1000473a        0x2 
 .text.__wrap_vprintf
                0x1000473c       0x40 CMakeFiles/pico_hid_test.dir/C_/Program_Files/Raspberry_Pi/Pico_SDK_v1.5.1/pico-sdk/src/rp2_common/pico_stdio/stdio.c.obj
                0x1000473c                __wrap_vprintf
 .text.__wrap_printf
                0x1000477c       0x18 CMakeFiles/pico_hid_test.dir/C_/Program_Files/Raspberry_Pi/Pico_SDK_v1.5.1/pico-sdk/src/rp2_common/pico_stdio/stdio.c.obj
                0x1000477c                __wrap_printf
 .text.stdio_init_all
                0x10004794        0x8 CMakeFiles/pico_hid_test.dir/C_/Program_Files/Raspberry_Pi/Pico_SDK_v1.5.1/pico-sdk/src/rp2_common/pico_stdio/stdio.c.obj
                0x10004794                stdio_init_all
 .text.stdio_usb_init
                0x1000479c        0x4 CMakeFiles/pico_hid_test.dir/C_/Program_Files/Raspberry_Pi/Pico_SDK_v1.5.1/pico-sdk/src/rp2_common/pico_stdio_usb/stdio_usb.c.obj
                0x1000479c                stdio_usb_init
 .text._retrieve_unique_id_on_boot
                0x100047a0       0x10 CMakeFiles/pico_hid_test.dir/C_/Program_Files/Raspberry_Pi/Pico_SDK_v1.5.1/pico-sdk/src/rp2_common/pico_unique_id/unique_id.c.obj
 .text.flash_get_unique_id
                0x100047b0       0x46 CMakeFiles/pico_hid_test.dir/C_/Program_Files/Raspberry_Pi/Pico_SDK_v1.5.1/pico-sdk/src/rp2_common/hardware_flash/flash.c.obj
                0x100047b0                flash_get_unique_id
 *fill*         0x100047f6        0x2 
 .text.hw_endpoint_get_by_addr
                0x100047f8       0x18 CMakeFiles/pico_hid_test.dir/C_/Program_Files/Raspberry_Pi/Pico_SDK_v1.5.1/pico-sdk/lib/tinyusb/src/portable/raspberrypi/rp2040/dcd_rp2040.c.obj
 .text._hw_endpoint_alloc
                0x10004810       0x70 CMakeFiles/pico_hid_test.dir/C_/Program_Files/Raspberry_Pi/Pico_SDK_v1.5.1/pico-sdk/lib/tinyusb/src/portable/raspberrypi/rp2040/dcd_rp2040.c.obj
 .text.hw_endpoint_init
                0x10004880       0x88 CMakeFiles/pico_hid_test.dir/C_/Program_Files/Raspberry_Pi/Pico_SDK_v1.5.1/pico-sdk/lib/tinyusb/src/portable/raspberrypi/rp2040/dcd_rp2040.c.obj
 .text.hw_endpoint_xfer
                0x10004908       0x14 CMakeFiles/pico_hid_test.dir/C_/Program_Files/Raspberry_Pi/Pico_SDK_v1.5.1/pico-sdk/lib/tinyusb/src/portable/raspberrypi/rp2040/dcd_rp2040.c.obj
 .text.dcd_int_enable
                0x1000491c       0x2c CMakeFiles/pico_hid_test.dir/C_/Program_Files/Raspberry_Pi/Pico_SDK_v1.5.1/pico-sdk/lib/tinyusb/src/portable/raspberrypi/rp2040/dcd_rp2040.c.obj
                0x1000491c                dcd_int_enable
 .text.dcd_set_address
                0x10004948       0x2c CMakeFiles/pico_hid_test.dir/C_/Program_Files/Raspberry_Pi/Pico_SDK_v1.5.1/pico-sdk/lib/tinyusb/src/portable/raspberrypi/rp2040/dcd_rp2040.c.obj
                0x10004948                dcd_set_address
 .text.dcd_connect
                0x10004974       0x10 CMakeFiles/pico_hid_test.dir/C_/Program_Files/Raspberry_Pi/Pico_SDK_v1.5.1/pico-sdk/lib/tinyusb/src/portable/raspberrypi/rp2040/dcd_rp2040.c.obj
                0x10004974                dcd_connect
 .text.dcd_init
                0x10004984       0x80 CMakeFiles/pico_hid_test.dir/C_/Program_Files/Raspberry_Pi/Pico_SDK_v1.5.1/pico-sdk/lib/tinyusb/src/portable/raspberrypi/rp2040/dcd_rp2040.c.obj
                0x10004984                dcd_init
 .text.dcd_edpt0_status_complete
                0x10004a04       0x1c CMakeFiles/pico_hid_test.dir/C_/Program_Files/Raspberry_Pi/Pico_SDK_v1.5.1/pico-sdk/lib/tinyusb/src/portable/raspberrypi/rp2040/dcd_rp2040.c.obj
                0x10004a04                dcd_edpt0_status_complete
 .text.dcd_edpt_open
                0x10004a20       0x40 CMakeFiles/pico_hid_test.dir/C_/Program_Files/Raspberry_Pi/Pico_SDK_v1.5.1/pico-sdk/lib/tinyusb/src/portable/raspberrypi/rp2040/dcd_rp2040.c.obj
                0x10004a20                dcd_edpt_open
 .text.dcd_edpt_close_all
                0x10004a60        0x8 CMakeFiles/pico_hid_test.dir/C_/Program_Files/Raspberry_Pi/Pico_SDK_v1.5.1/pico-sdk/lib/tinyusb/src/portable/raspberrypi/rp2040/dcd_rp2040.c.obj
                0x10004a60                dcd_edpt_close_all
 .text.dcd_edpt_xfer
                0x10004a68       0x34 CMakeFiles/pico_hid_test.dir/C_/Program_Files/Raspberry_Pi/Pico_SDK_v1.5.1/pico-sdk/lib/tinyusb/src/portable/raspberrypi/rp2040/dcd_rp2040.c.obj
                0x10004a68                dcd_edpt_xfer
 .text.dcd_edpt_stall
                0x10004a9c       0x2c CMakeFiles/pico_hid_test.dir/C_/Program_Files/Raspberry_Pi/Pico_SDK_v1.5.1/pico-sdk/lib/tinyusb/src/portable/raspberrypi/rp2040/dcd_rp2040.c.obj
                0x10004a9c                dcd_edpt_stall
 .text.dcd_edpt_clear_stall
                0x10004ac8       0x20 CMakeFiles/pico_hid_test.dir/C_/Program_Files/Raspberry_Pi/Pico_SDK_v1.5.1/pico-sdk/lib/tinyusb/src/portable/raspberrypi/rp2040/dcd_rp2040.c.obj
                0x10004ac8                dcd_edpt_clear_stall
 .text.rp2040_usb_init
                0x10004ae8       0x4c CMakeFiles/pico_hid_test.dir/C_/Program_Files/Raspberry_Pi/Pico_SDK_v1.5.1/pico-sdk/lib/tinyusb/src/portable/raspberrypi/rp2040/rp2040_usb.c.obj
                0x10004ae8                rp2040_usb_init
 .text.hw_endpoint_xfer_start
                0x10004b34       0x50 CMakeFiles/pico_hid_test.dir/C_/Program_Files/Raspberry_Pi/Pico_SDK_v1.5.1/pico-sdk/lib/tinyusb/src/portable/raspberrypi/rp2040/rp2040_usb.c.obj
                0x10004b34                hw_endpoint_xfer_start
 .text.configuration_reset
                0x10004b84       0x84 CMakeFiles/pico_hid_test.dir/C_/Program_Files/Raspberry_Pi/Pico_SDK_v1.5.1/pico-sdk/lib/tinyusb/src/device/usbd.c.obj
 .text.usbd_reset
                0x10004c08        0xc CMakeFiles/pico_hid_test.dir/C_/Program_Files/Raspberry_Pi/Pico_SDK_v1.5.1/pico-sdk/lib/tinyusb/src/device/usbd.c.obj
 .text.invoke_class_control
                0x10004c14       0x1a CMakeFiles/pico_hid_test.dir/C_/Program_Files/Raspberry_Pi/Pico_SDK_v1.5.1/pico-sdk/lib/tinyusb/src/device/usbd.c.obj
 *fill*         0x10004c2e        0x2 
 .text.process_set_config
                0x10004c30      0x15c CMakeFiles/pico_hid_test.dir/C_/Program_Files/Raspberry_Pi/Pico_SDK_v1.5.1/pico-sdk/lib/tinyusb/src/device/usbd.c.obj
 .text.process_get_descriptor
                0x10004d8c       0xdc CMakeFiles/pico_hid_test.dir/C_/Program_Files/Raspberry_Pi/Pico_SDK_v1.5.1/pico-sdk/lib/tinyusb/src/device/usbd.c.obj
 .text.tud_inited
                0x10004e68       0x14 CMakeFiles/pico_hid_test.dir/C_/Program_Files/Raspberry_Pi/Pico_SDK_v1.5.1/pico-sdk/lib/tinyusb/src/device/usbd.c.obj
                0x10004e68                tud_inited
 .text.tud_init
                0x10004e7c       0xcc CMakeFiles/pico_hid_test.dir/C_/Program_Files/Raspberry_Pi/Pico_SDK_v1.5.1/pico-sdk/lib/tinyusb/src/device/usbd.c.obj
                0x10004e7c                tud_init
 .text.usbd_edpt_open
                0x10004f48       0x34 CMakeFiles/pico_hid_test.dir/C_/Program_Files/Raspberry_Pi/Pico_SDK_v1.5.1/pico-sdk/lib/tinyusb/src/device/usbd.c.obj
                0x10004f48                usbd_edpt_open
 .text.usbd_open_edpt_pair
                0x10004f7c       0x62 CMakeFiles/pico_hid_test.dir/C_/Program_Files/Raspberry_Pi/Pico_SDK_v1.5.1/pico-sdk/lib/tinyusb/src/device/usbd.c.obj
                0x10004f7c                usbd_open_edpt_pair
 *fill*         0x10004fde        0x2 
 .text.usbd_edpt_claim
                0x10004fe0       0x28 CMakeFiles/pico_hid_test.dir/C_/Program_Files/Raspberry_Pi/Pico_SDK_v1.5.1/pico-sdk/lib/tinyusb/src/device/usbd.c.obj
                0x10004fe0                usbd_edpt_claim
 .text.usbd_edpt_xfer
                0x10005008       0x78 CMakeFiles/pico_hid_test.dir/C_/Program_Files/Raspberry_Pi/Pico_SDK_v1.5.1/pico-sdk/lib/tinyusb/src/device/usbd.c.obj
                0x10005008                usbd_edpt_xfer
 .text.usbd_edpt_stall
                0x10005080       0x48 CMakeFiles/pico_hid_test.dir/C_/Program_Files/Raspberry_Pi/Pico_SDK_v1.5.1/pico-sdk/lib/tinyusb/src/device/usbd.c.obj
                0x10005080                usbd_edpt_stall
 .text.usbd_edpt_clear_stall
                0x100050c8       0x48 CMakeFiles/pico_hid_test.dir/C_/Program_Files/Raspberry_Pi/Pico_SDK_v1.5.1/pico-sdk/lib/tinyusb/src/device/usbd.c.obj
                0x100050c8                usbd_edpt_clear_stall
 .text.usbd_edpt_stalled
                0x10005110       0x1c CMakeFiles/pico_hid_test.dir/C_/Program_Files/Raspberry_Pi/Pico_SDK_v1.5.1/pico-sdk/lib/tinyusb/src/device/usbd.c.obj
                0x10005110                usbd_edpt_stalled
 .text.process_control_request
                0x1000512c      0x37c CMakeFiles/pico_hid_test.dir/C_/Program_Files/Raspberry_Pi/Pico_SDK_v1.5.1/pico-sdk/lib/tinyusb/src/device/usbd.c.obj
 .text.tud_task_ext
                0x100054a8      0x1b8 CMakeFiles/pico_hid_test.dir/C_/Program_Files/Raspberry_Pi/Pico_SDK_v1.5.1/pico-sdk/lib/tinyusb/src/device/usbd.c.obj
                0x100054a8                tud_task_ext
 .text._data_stage_xact
                0x10005660       0x58 CMakeFiles/pico_hid_test.dir/C_/Program_Files/Raspberry_Pi/Pico_SDK_v1.5.1/pico-sdk/lib/tinyusb/src/device/usbd_control.c.obj
 .text.tud_control_status
                0x100056b8       0x38 CMakeFiles/pico_hid_test.dir/C_/Program_Files/Raspberry_Pi/Pico_SDK_v1.5.1/pico-sdk/lib/tinyusb/src/device/usbd_control.c.obj
                0x100056b8                tud_control_status
 .text.tud_control_xfer
                0x100056f0       0x74 CMakeFiles/pico_hid_test.dir/C_/Program_Files/Raspberry_Pi/Pico_SDK_v1.5.1/pico-sdk/lib/tinyusb/src/device/usbd_control.c.obj
                0x100056f0                tud_control_xfer
 .text.usbd_control_reset
                0x10005764       0x14 CMakeFiles/pico_hid_test.dir/C_/Program_Files/Raspberry_Pi/Pico_SDK_v1.5.1/pico-sdk/lib/tinyusb/src/device/usbd_control.c.obj
                0x10005764                usbd_control_reset
 .text.usbd_control_set_complete_callback
                0x10005778        0xc CMakeFiles/pico_hid_test.dir/C_/Program_Files/Raspberry_Pi/Pico_SDK_v1.5.1/pico-sdk/lib/tinyusb/src/device/usbd_control.c.obj
                0x10005778                usbd_control_set_complete_callback
 .text.usbd_control_set_request
                0x10005784       0x1c CMakeFiles/pico_hid_test.dir/C_/Program_Files/Raspberry_Pi/Pico_SDK_v1.5.1/pico-sdk/lib/tinyusb/src/device/usbd_control.c.obj
                0x10005784                usbd_control_set_request
 .text.usbd_control_xfer_cb
                0x100057a0       0xcc CMakeFiles/pico_hid_test.dir/C_/Program_Files/Raspberry_Pi/Pico_SDK_v1.5.1/pico-sdk/lib/tinyusb/src/device/usbd_control.c.obj
                0x100057a0                usbd_control_xfer_cb
 .text.tud_hid_n_report
                0x1000586c       0x84 CMakeFiles/pico_hid_test.dir/C_/Program_Files/Raspberry_Pi/Pico_SDK_v1.5.1/pico-sdk/lib/tinyusb/src/class/hid/hid_device.c.obj
                0x1000586c                tud_hid_n_report
 .text.tud_hid_n_keyboard_report
                0x100058f0       0x40 CMakeFiles/pico_hid_test.dir/C_/Program_Files/Raspberry_Pi/Pico_SDK_v1.5.1/pico-sdk/lib/tinyusb/src/class/hid/hid_device.c.obj
                0x100058f0                tud_hid_n_keyboard_report
 .text.hidd_reset
                0x10005930       0x14 CMakeFiles/pico_hid_test.dir/C_/Program_Files/Raspberry_Pi/Pico_SDK_v1.5.1/pico-sdk/lib/tinyusb/src/class/hid/hid_device.c.obj
                0x10005930                hidd_reset
 .text.hidd_init
                0x10005944        0xa CMakeFiles/pico_hid_test.dir/C_/Program_Files/Raspberry_Pi/Pico_SDK_v1.5.1/pico-sdk/lib/tinyusb/src/class/hid/hid_device.c.obj
                0x10005944                hidd_init
 *fill*         0x1000594e        0x2 
 .text.hidd_open
                0x10005950       0xbc CMakeFiles/pico_hid_test.dir/C_/Program_Files/Raspberry_Pi/Pico_SDK_v1.5.1/pico-sdk/lib/tinyusb/src/class/hid/hid_device.c.obj
                0x10005950                hidd_open
 .text.hidd_control_xfer_cb
                0x10005a0c      0x278 CMakeFiles/pico_hid_test.dir/C_/Program_Files/Raspberry_Pi/Pico_SDK_v1.5.1/pico-sdk/lib/tinyusb/src/class/hid/hid_device.c.obj
                0x10005a0c                hidd_control_xfer_cb
 .text.hidd_xfer_cb
                0x10005c84       0x84 CMakeFiles/pico_hid_test.dir/C_/Program_Files/Raspberry_Pi/Pico_SDK_v1.5.1/pico-sdk/lib/tinyusb/src/class/hid/hid_device.c.obj
                0x10005c84                hidd_xfer_cb
 .text.tusb_init
                0x10005d08        0xa CMakeFiles/pico_hid_test.dir/C_/Program_Files/Raspberry_Pi/Pico_SDK_v1.5.1/pico-sdk/lib/tinyusb/src/tusb.c.obj
                0x10005d08                tusb_init
 .text.tusb_inited
                0x10005d12        0xe CMakeFiles/pico_hid_test.dir/C_/Program_Files/Raspberry_Pi/Pico_SDK_v1.5.1/pico-sdk/lib/tinyusb/src/tusb.c.obj
                0x10005d12                tusb_inited
 .text.tu_edpt_claim
                0x10005d20       0x50 CMakeFiles/pico_hid_test.dir/C_/Program_Files/Raspberry_Pi/Pico_SDK_v1.5.1/pico-sdk/lib/tinyusb/src/tusb.c.obj
                0x10005d20                tu_edpt_claim
 .text.tu_edpt_validate
                0x10005d70       0x78 CMakeFiles/pico_hid_test.dir/C_/Program_Files/Raspberry_Pi/Pico_SDK_v1.5.1/pico-sdk/lib/tinyusb/src/tusb.c.obj
                0x10005d70                tu_edpt_validate
 .text.tu_edpt_bind_driver
                0x10005de8       0x26 CMakeFiles/pico_hid_test.dir/C_/Program_Files/Raspberry_Pi/Pico_SDK_v1.5.1/pico-sdk/lib/tinyusb/src/tusb.c.obj
                0x10005de8                tu_edpt_bind_driver
 .text.advance_index
                0x10005e0e       0x1a CMakeFiles/pico_hid_test.dir/C_/Program_Files/Raspberry_Pi/Pico_SDK_v1.5.1/pico-sdk/lib/tinyusb/src/common/tusb_fifo.c.obj
 .text._tu_fifo_peek
                0x10005e28       0x56 CMakeFiles/pico_hid_test.dir/C_/Program_Files/Raspberry_Pi/Pico_SDK_v1.5.1/pico-sdk/lib/tinyusb/src/common/tusb_fifo.c.obj
 .text.tu_fifo_full
                0x10005e7e       0x28 CMakeFiles/pico_hid_test.dir/C_/Program_Files/Raspberry_Pi/Pico_SDK_v1.5.1/pico-sdk/lib/tinyusb/src/common/tusb_fifo.c.obj
                0x10005e7e                tu_fifo_full
 .text.tu_fifo_read
                0x10005ea6       0x42 CMakeFiles/pico_hid_test.dir/C_/Program_Files/Raspberry_Pi/Pico_SDK_v1.5.1/pico-sdk/lib/tinyusb/src/common/tusb_fifo.c.obj
                0x10005ea6                tu_fifo_read
 .text.tu_fifo_write
                0x10005ee8       0x64 CMakeFiles/pico_hid_test.dir/C_/Program_Files/Raspberry_Pi/Pico_SDK_v1.5.1/pico-sdk/lib/tinyusb/src/common/tusb_fifo.c.obj
                0x10005ee8                tu_fifo_write
 .text.tu_fifo_clear
                0x10005f4c       0x3e CMakeFiles/pico_hid_test.dir/C_/Program_Files/Raspberry_Pi/Pico_SDK_v1.5.1/pico-sdk/lib/tinyusb/src/common/tusb_fifo.c.obj
                0x10005f4c                tu_fifo_clear
 .text.board_init
                0x10005f8a       0x14 CMakeFiles/pico_hid_test.dir/C_/Program_Files/Raspberry_Pi/Pico_SDK_v1.5.1/pico-sdk/lib/tinyusb/hw/bsp/rp2040/family.c.obj
                0x10005f8a                board_init
 .text.board_led_write
                0x10005f9e       0x1c CMakeFiles/pico_hid_test.dir/C_/Program_Files/Raspberry_Pi/Pico_SDK_v1.5.1/pico-sdk/lib/tinyusb/hw/bsp/rp2040/family.c.obj
                0x10005f9e                board_led_write
 *fill*         0x10005fba        0x2 
 .text.strlen   0x10005fbc       0x5c c:/progra~1/raspbe~1/picosd~1.1/gcc-ar~1/bin/../lib/gcc/arm-none-eabi/10.3.1/../../../../arm-none-eabi/lib/thumb/v6-m/nofp\libg.a(lib_a-strlen-stub.o)
                0x10005fbc                strlen
 *(.fini)
 .fini          0x10006018        0x4 c:/progra~1/raspbe~1/picosd~1.1/gcc-ar~1/bin/../lib/gcc/arm-none-eabi/10.3.1/thumb/v6-m/nofp/crti.o
                0x10006018                _fini
 *fill*         0x1000601c        0x4 
 .fini.__stub   0x10006020       0xc0 linker stubs
 *crtbegin.o(.ctors)
 *crtbegin?.o(.ctors)
 *(EXCLUDE_FILE(*crtend.o *crtend?.o) .ctors)
 *(SORT_BY_NAME(.ctors.*))
 *(.ctors)
 *crtbegin.o(.dtors)
 *crtbegin?.o(.dtors)
 *(EXCLUDE_FILE(*crtend.o *crtend?.o) .dtors)
 *(SORT_BY_NAME(.dtors.*))
 *(.dtors)
 *(.eh_frame*)
 .eh_frame      0x100060e0        0x0 c:/progra~1/raspbe~1/picosd~1.1/gcc-ar~1/bin/../lib/gcc/arm-none-eabi/10.3.1/thumb/v6-m/nofp/crtbegin.o
                0x100060e0                . = ALIGN (0x4)

.glue_7         0x100060e0        0x0
 .glue_7        0x100060e0        0x0 linker stubs

.glue_7t        0x100060e0        0x0
 .glue_7t       0x100060e0        0x0 linker stubs

.vfp11_veneer   0x100060e0        0x0
 .vfp11_veneer  0x100060e0        0x0 linker stubs

.v4_bx          0x100060e0        0x0
 .v4_bx         0x100060e0        0x0 linker stubs

.iplt           0x100060e0        0x0
 .iplt          0x100060e0        0x0 c:/progra~1/raspbe~1/picosd~1.1/gcc-ar~1/bin/../lib/gcc/arm-none-eabi/10.3.1/thumb/v6-m/nofp/crtbegin.o

.rodata         0x100060e0     0x16a0
 *(EXCLUDE_FILE(*libm.a: *libc.a:*lib_a-mem*.o *libgcc.a:) .rodata*)
 .rodata.tud_mount_cb.str1.4
                0x100060e0       0x13 CMakeFiles/pico_hid_test.dir/main.c.obj
 *fill*         0x100060f3        0x1 
 .rodata.tud_umount_cb.str1.4
                0x100060f4       0x15 CMakeFiles/pico_hid_test.dir/main.c.obj
 *fill*         0x10006109        0x3 
 .rodata.tud_suspend_cb.str1.4
                0x1000610c        0xe CMakeFiles/pico_hid_test.dir/main.c.obj
 *fill*         0x1000611a        0x2 
 .rodata.tud_resume_cb.str1.4
                0x1000611c        0xc CMakeFiles/pico_hid_test.dir/main.c.obj
 .rodata.hid_task.str1.4
                0x10006128       0xbe CMakeFiles/pico_hid_test.dir/main.c.obj
 *fill*         0x100061e6        0x2 
 .rodata.tud_hid_set_report_cb.str1.4
                0x100061e8       0x1e CMakeFiles/pico_hid_test.dir/main.c.obj
 *fill*         0x10006206        0x2 
 .rodata.main.str1.4
                0x10006208       0x22 CMakeFiles/pico_hid_test.dir/main.c.obj
 *fill*         0x1000622a        0x2 
 .rodata        0x1000622c        0x2 CMakeFiles/pico_hid_test.dir/main.c.obj
 *fill*         0x1000622e        0x2 
 .rodata.__func__.2
                0x10006230       0x15 CMakeFiles/pico_hid_test.dir/main.c.obj
 *fill*         0x10006245        0x3 
 .rodata.str1.4
                0x10006248       0x2b CMakeFiles/pico_hid_test.dir/usb_descriptors.c.obj
 *fill*         0x10006273        0x1 
 .rodata.__compound_literal.0
                0x10006274        0x2 CMakeFiles/pico_hid_test.dir/usb_descriptors.c.obj
 *fill*         0x10006276        0x2 
 .rodata.desc_configuration
                0x10006278       0x22 CMakeFiles/pico_hid_test.dir/usb_descriptors.c.obj
                0x10006278                desc_configuration
 *fill*         0x1000629a        0x2 
 .rodata.desc_device
                0x1000629c       0x12 CMakeFiles/pico_hid_test.dir/usb_descriptors.c.obj
                0x1000629c                desc_device
 *fill*         0x100062ae        0x2 
 .rodata.desc_hid_report
                0x100062b0       0x43 CMakeFiles/pico_hid_test.dir/usb_descriptors.c.obj
                0x100062b0                desc_hid_report
 *fill*         0x100062f3        0x1 
 .rodata.spin_lock_claim_unused.str1.4
                0x100062f4       0x1b CMakeFiles/pico_hid_test.dir/C_/Program_Files/Raspberry_Pi/Pico_SDK_v1.5.1/pico-sdk/src/rp2_common/hardware_sync/sync.c.obj
 *fill*         0x1000630f        0x1 
 .rodata.make_branch.str1.4
                0x10006310       0x89 CMakeFiles/pico_hid_test.dir/C_/Program_Files/Raspberry_Pi/Pico_SDK_v1.5.1/pico-sdk/src/rp2_common/hardware_irq/irq.c.obj
 *fill*         0x10006399        0x3 
 .rodata.insert_branch_and_link.str1.4
                0x1000639c       0x10 CMakeFiles/pico_hid_test.dir/C_/Program_Files/Raspberry_Pi/Pico_SDK_v1.5.1/pico-sdk/src/rp2_common/hardware_irq/irq.c.obj
 .rodata.irq_set_exclusive_handler.str1.4
                0x100063ac       0x36 CMakeFiles/pico_hid_test.dir/C_/Program_Files/Raspberry_Pi/Pico_SDK_v1.5.1/pico-sdk/src/rp2_common/hardware_irq/irq.c.obj
 *fill*         0x100063e2        0x2 
 .rodata.irq_add_shared_handler.str1.4
                0x100063e4       0xd9 CMakeFiles/pico_hid_test.dir/C_/Program_Files/Raspberry_Pi/Pico_SDK_v1.5.1/pico-sdk/src/rp2_common/hardware_irq/irq.c.obj
 *fill*         0x100064bd        0x3 
 .rodata.irq_remove_handler.str1.4
                0x100064c0       0x3a CMakeFiles/pico_hid_test.dir/C_/Program_Files/Raspberry_Pi/Pico_SDK_v1.5.1/pico-sdk/src/rp2_common/hardware_irq/irq.c.obj
 *fill*         0x100064fa        0x2 
 .rodata.irq_add_tail_to_free_list.str1.4
                0x100064fc       0x3a CMakeFiles/pico_hid_test.dir/C_/Program_Files/Raspberry_Pi/Pico_SDK_v1.5.1/pico-sdk/src/rp2_common/hardware_irq/irq.c.obj
 *fill*         0x10006536        0x2 
 .rodata.__func__.0
                0x10006538       0x1a CMakeFiles/pico_hid_test.dir/C_/Program_Files/Raspberry_Pi/Pico_SDK_v1.5.1/pico-sdk/src/rp2_common/hardware_irq/irq.c.obj
 *fill*         0x10006552        0x2 
 .rodata.__func__.1
                0x10006554       0x17 CMakeFiles/pico_hid_test.dir/C_/Program_Files/Raspberry_Pi/Pico_SDK_v1.5.1/pico-sdk/src/rp2_common/hardware_irq/irq.c.obj
 *fill*         0x1000656b        0x1 
 .rodata.__func__.2
                0x1000656c       0x13 CMakeFiles/pico_hid_test.dir/C_/Program_Files/Raspberry_Pi/Pico_SDK_v1.5.1/pico-sdk/src/rp2_common/hardware_irq/irq.c.obj
 *fill*         0x1000657f        0x1 
 .rodata.__func__.3
                0x10006580        0xc CMakeFiles/pico_hid_test.dir/C_/Program_Files/Raspberry_Pi/Pico_SDK_v1.5.1/pico-sdk/src/rp2_common/hardware_irq/irq.c.obj
 .rodata.__func__.4
                0x1000658c        0xf CMakeFiles/pico_hid_test.dir/C_/Program_Files/Raspberry_Pi/Pico_SDK_v1.5.1/pico-sdk/src/rp2_common/hardware_irq/irq.c.obj
 *fill*         0x1000659b        0x1 
 .rodata.__func__.5
                0x1000659c       0x17 CMakeFiles/pico_hid_test.dir/C_/Program_Files/Raspberry_Pi/Pico_SDK_v1.5.1/pico-sdk/src/rp2_common/hardware_irq/irq.c.obj
 *fill*         0x100065b3        0x1 
 .rodata.__func__.6
                0x100065b4       0x1a CMakeFiles/pico_hid_test.dir/C_/Program_Files/Raspberry_Pi/Pico_SDK_v1.5.1/pico-sdk/src/rp2_common/hardware_irq/irq.c.obj
 *fill*         0x100065ce        0x2 
 .rodata.str1.4
                0x100065d0       0xa5 CMakeFiles/pico_hid_test.dir/C_/Program_Files/Raspberry_Pi/Pico_SDK_v1.5.1/pico-sdk/src/common/pico_sync/mutex.c.obj
                                0x125 (size before relaxing)
 *fill*         0x10006675        0x3 
 .rodata.__func__.1
                0x10006678        0xb CMakeFiles/pico_hid_test.dir/C_/Program_Files/Raspberry_Pi/Pico_SDK_v1.5.1/pico-sdk/src/common/pico_sync/mutex.c.obj
 *fill*         0x10006683        0x1 
 .rodata.__func__.3
                0x10006684       0x18 CMakeFiles/pico_hid_test.dir/C_/Program_Files/Raspberry_Pi/Pico_SDK_v1.5.1/pico-sdk/src/common/pico_sync/mutex.c.obj
 .rodata.__func__.4
                0x1000669c       0x15 CMakeFiles/pico_hid_test.dir/C_/Program_Files/Raspberry_Pi/Pico_SDK_v1.5.1/pico-sdk/src/common/pico_sync/mutex.c.obj
 *fill*         0x100066b1        0x3 
 .rodata.repeating_timer_callback.str1.4
                0x100066b4       0x67 CMakeFiles/pico_hid_test.dir/C_/Program_Files/Raspberry_Pi/Pico_SDK_v1.5.1/pico-sdk/src/common/pico_time/time.c.obj
 *fill*         0x1000671b        0x1 
 .rodata.timer_pool_entry_comparator.str1.4
                0x1000671c       0x22 CMakeFiles/pico_hid_test.dir/C_/Program_Files/Raspberry_Pi/Pico_SDK_v1.5.1/pico-sdk/src/common/pico_time/time.c.obj
 *fill*         0x1000673e        0x2 
 .rodata.ph_add_child_node.str1.4
                0x10006740       0xb2 CMakeFiles/pico_hid_test.dir/C_/Program_Files/Raspberry_Pi/Pico_SDK_v1.5.1/pico-sdk/src/common/pico_time/time.c.obj
 *fill*         0x100067f2        0x2 
 .rodata.add_alarm_under_lock.str1.4
                0x100067f4       0x28 CMakeFiles/pico_hid_test.dir/C_/Program_Files/Raspberry_Pi/Pico_SDK_v1.5.1/pico-sdk/src/common/pico_time/time.c.obj
                                 0x2b (size before relaxing)
 .rodata.alarm_pool_alarm_callback.str1.4
                0x1000681c       0x98 CMakeFiles/pico_hid_test.dir/C_/Program_Files/Raspberry_Pi/Pico_SDK_v1.5.1/pico-sdk/src/common/pico_time/time.c.obj
                                0x118 (size before relaxing)
 .rodata.alarm_pool_get_default.str1.4
                0x100068b4       0x21 CMakeFiles/pico_hid_test.dir/C_/Program_Files/Raspberry_Pi/Pico_SDK_v1.5.1/pico-sdk/src/common/pico_time/time.c.obj
 *fill*         0x100068d5        0x3 
 .rodata.alarm_pool_cancel_alarm.str1.4
                0x100068d8       0x27 CMakeFiles/pico_hid_test.dir/C_/Program_Files/Raspberry_Pi/Pico_SDK_v1.5.1/pico-sdk/src/common/pico_time/time.c.obj
 *fill*         0x100068ff        0x1 
 .rodata.__func__.1
                0x10006900       0x18 CMakeFiles/pico_hid_test.dir/C_/Program_Files/Raspberry_Pi/Pico_SDK_v1.5.1/pico-sdk/src/common/pico_time/time.c.obj
 .rodata.__func__.10
                0x10006918       0x15 CMakeFiles/pico_hid_test.dir/C_/Program_Files/Raspberry_Pi/Pico_SDK_v1.5.1/pico-sdk/src/common/pico_time/time.c.obj
 *fill*         0x1000692d        0x3 
 .rodata.__func__.11
                0x10006930       0x1a CMakeFiles/pico_hid_test.dir/C_/Program_Files/Raspberry_Pi/Pico_SDK_v1.5.1/pico-sdk/src/common/pico_time/time.c.obj
 *fill*         0x1000694a        0x2 
 .rodata.__func__.12
                0x1000694c        0xa CMakeFiles/pico_hid_test.dir/C_/Program_Files/Raspberry_Pi/Pico_SDK_v1.5.1/pico-sdk/src/common/pico_time/time.c.obj
 *fill*         0x10006956        0x2 
 .rodata.__func__.3
                0x10006958       0x17 CMakeFiles/pico_hid_test.dir/C_/Program_Files/Raspberry_Pi/Pico_SDK_v1.5.1/pico-sdk/src/common/pico_time/time.c.obj
 *fill*         0x1000696f        0x1 
 .rodata.__func__.4
                0x10006970       0x12 CMakeFiles/pico_hid_test.dir/C_/Program_Files/Raspberry_Pi/Pico_SDK_v1.5.1/pico-sdk/src/common/pico_time/time.c.obj
 *fill*         0x10006982        0x2 
 .rodata.__func__.5
                0x10006984        0xd CMakeFiles/pico_hid_test.dir/C_/Program_Files/Raspberry_Pi/Pico_SDK_v1.5.1/pico-sdk/src/common/pico_time/time.c.obj
 *fill*         0x10006991        0x3 
 .rodata.__func__.6
                0x10006994       0x12 CMakeFiles/pico_hid_test.dir/C_/Program_Files/Raspberry_Pi/Pico_SDK_v1.5.1/pico-sdk/src/common/pico_time/time.c.obj
 *fill*         0x100069a6        0x2 
 .rodata.__func__.7
                0x100069a8        0xf CMakeFiles/pico_hid_test.dir/C_/Program_Files/Raspberry_Pi/Pico_SDK_v1.5.1/pico-sdk/src/common/pico_time/time.c.obj
 *fill*         0x100069b7        0x1 
 .rodata.__func__.8
                0x100069b8        0xc CMakeFiles/pico_hid_test.dir/C_/Program_Files/Raspberry_Pi/Pico_SDK_v1.5.1/pico-sdk/src/common/pico_time/time.c.obj
 .rodata.__func__.9
                0x100069c4       0x15 CMakeFiles/pico_hid_test.dir/C_/Program_Files/Raspberry_Pi/Pico_SDK_v1.5.1/pico-sdk/src/common/pico_time/time.c.obj
 *fill*         0x100069d9        0x3 
 .rodata.hardware_alarm_claim.str1.4
                0x100069dc       0x22 CMakeFiles/pico_hid_test.dir/C_/Program_Files/Raspberry_Pi/Pico_SDK_v1.5.1/pico-sdk/src/rp2_common/hardware_timer/timer.c.obj
 *fill*         0x100069fe        0x2 
 .rodata.hardware_alarm_set_target.str1.4
                0x10006a00       0x81 CMakeFiles/pico_hid_test.dir/C_/Program_Files/Raspberry_Pi/Pico_SDK_v1.5.1/pico-sdk/src/rp2_common/hardware_timer/timer.c.obj
 *fill*         0x10006a81        0x3 
 .rodata.__func__.0
                0x10006a84       0x1a CMakeFiles/pico_hid_test.dir/C_/Program_Files/Raspberry_Pi/Pico_SDK_v1.5.1/pico-sdk/src/rp2_common/hardware_timer/timer.c.obj
 .rodata.ph_add_child_node.str1.4
                0x10006a9e       0xb2 CMakeFiles/pico_hid_test.dir/C_/Program_Files/Raspberry_Pi/Pico_SDK_v1.5.1/pico-sdk/src/common/pico_util/pheap.c.obj
 *fill*         0x10006a9e        0x2 
 .rodata.ph_remove_any_head.str1.4
                0x10006aa0       0xa8 CMakeFiles/pico_hid_test.dir/C_/Program_Files/Raspberry_Pi/Pico_SDK_v1.5.1/pico-sdk/src/common/pico_util/pheap.c.obj
                                 0xbc (size before relaxing)
 .rodata.ph_remove_and_free_node.str1.4
                0x10006b48       0x1e CMakeFiles/pico_hid_test.dir/C_/Program_Files/Raspberry_Pi/Pico_SDK_v1.5.1/pico-sdk/src/common/pico_util/pheap.c.obj
                                 0x26 (size before relaxing)
 *fill*         0x10006b66        0x2 
 .rodata.__func__.0
                0x10006b68       0x18 CMakeFiles/pico_hid_test.dir/C_/Program_Files/Raspberry_Pi/Pico_SDK_v1.5.1/pico-sdk/src/common/pico_util/pheap.c.obj
 .rodata.__func__.1
                0x10006b80       0x13 CMakeFiles/pico_hid_test.dir/C_/Program_Files/Raspberry_Pi/Pico_SDK_v1.5.1/pico-sdk/src/common/pico_util/pheap.c.obj
 *fill*         0x10006b93        0x1 
 .rodata.__func__.2
                0x10006b94       0x12 CMakeFiles/pico_hid_test.dir/C_/Program_Files/Raspberry_Pi/Pico_SDK_v1.5.1/pico-sdk/src/common/pico_util/pheap.c.obj
 *fill*         0x10006ba6        0x2 
 .rodata.__func__.3
                0x10006ba8        0xc CMakeFiles/pico_hid_test.dir/C_/Program_Files/Raspberry_Pi/Pico_SDK_v1.5.1/pico-sdk/src/common/pico_util/pheap.c.obj
 .rodata.clock_configure.str1.4
                0x10006bb4       0x73 CMakeFiles/pico_hid_test.dir/C_/Program_Files/Raspberry_Pi/Pico_SDK_v1.5.1/pico-sdk/src/rp2_common/hardware_clocks/clocks.c.obj
 *fill*         0x10006c27        0x1 
 .rodata.__func__.1
                0x10006c28       0x10 CMakeFiles/pico_hid_test.dir/C_/Program_Files/Raspberry_Pi/Pico_SDK_v1.5.1/pico-sdk/src/rp2_common/hardware_clocks/clocks.c.obj
 .rodata.pll_init.str1.4
                0x10006c38      0x140 CMakeFiles/pico_hid_test.dir/C_/Program_Files/Raspberry_Pi/Pico_SDK_v1.5.1/pico-sdk/src/rp2_common/hardware_pll/pll.c.obj
 .rodata.__func__.0
                0x10006d78        0x9 CMakeFiles/pico_hid_test.dir/C_/Program_Files/Raspberry_Pi/Pico_SDK_v1.5.1/pico-sdk/src/rp2_common/hardware_pll/pll.c.obj
 *fill*         0x10006d81        0x3 
 .rodata.__assert_func.str1.4
                0x10006d84       0x3f CMakeFiles/pico_hid_test.dir/C_/Program_Files/Raspberry_Pi/Pico_SDK_v1.5.1/pico-sdk/src/rp2_common/pico_runtime/runtime.c.obj
                                 0x43 (size before relaxing)
 *fill*         0x10006dc3        0x1 
 .rodata.runtime_init.str1.4
                0x10006dc4       0x7d CMakeFiles/pico_hid_test.dir/C_/Program_Files/Raspberry_Pi/Pico_SDK_v1.5.1/pico-sdk/src/rp2_common/pico_runtime/runtime.c.obj
 *fill*         0x10006e41        0x3 
 .rodata.panic.str1.4
                0x10006e44       0x12 CMakeFiles/pico_hid_test.dir/C_/Program_Files/Raspberry_Pi/Pico_SDK_v1.5.1/pico-sdk/src/rp2_common/pico_runtime/runtime.c.obj
 *fill*         0x10006e56        0x2 
 .rodata.__func__.2
                0x10006e58        0xd CMakeFiles/pico_hid_test.dir/C_/Program_Files/Raspberry_Pi/Pico_SDK_v1.5.1/pico-sdk/src/rp2_common/pico_runtime/runtime.c.obj
 *fill*         0x10006e65        0x3 
 .rodata._ftoa.str1.4
                0x10006e68       0x15 CMakeFiles/pico_hid_test.dir/C_/Program_Files/Raspberry_Pi/Pico_SDK_v1.5.1/pico-sdk/src/rp2_common/pico_printf/printf.c.obj
 *fill*         0x10006e7d        0x3 
 .rodata._vsnprintf
                0x10006e80      0x1e0 CMakeFiles/pico_hid_test.dir/C_/Program_Files/Raspberry_Pi/Pico_SDK_v1.5.1/pico-sdk/src/rp2_common/pico_printf/printf.c.obj
 .rodata.pow10.0
                0x10007060       0x50 CMakeFiles/pico_hid_test.dir/C_/Program_Files/Raspberry_Pi/Pico_SDK_v1.5.1/pico-sdk/src/rp2_common/pico_printf/printf.c.obj
 .rodata.__aeabi_double_init.str1.4
                0x100070b0       0xb8 CMakeFiles/pico_hid_test.dir/C_/Program_Files/Raspberry_Pi/Pico_SDK_v1.5.1/pico-sdk/src/rp2_common/pico_double/double_init_rom.c.obj
 .rodata.__func__.0
                0x10007168       0x14 CMakeFiles/pico_hid_test.dir/C_/Program_Files/Raspberry_Pi/Pico_SDK_v1.5.1/pico-sdk/src/rp2_common/pico_double/double_init_rom.c.obj
 .rodata.__aeabi_float_init.str1.4
                0x1000717c       0x96 CMakeFiles/pico_hid_test.dir/C_/Program_Files/Raspberry_Pi/Pico_SDK_v1.5.1/pico-sdk/src/rp2_common/pico_float/float_init_rom.c.obj
                                 0x9a (size before relaxing)
 *fill*         0x10007212        0x2 
 .rodata.__func__.0
                0x10007214       0x13 CMakeFiles/pico_hid_test.dir/C_/Program_Files/Raspberry_Pi/Pico_SDK_v1.5.1/pico-sdk/src/rp2_common/pico_float/float_init_rom.c.obj
 *fill*         0x10007227        0x1 
 .rodata.str1.4
                0x10007228       0x44 CMakeFiles/pico_hid_test.dir/C_/Program_Files/Raspberry_Pi/Pico_SDK_v1.5.1/pico-sdk/src/rp2_common/pico_standard_link/binary_info.c.obj
 .rodata.__bi_44
                0x1000726c        0xc CMakeFiles/pico_hid_test.dir/C_/Program_Files/Raspberry_Pi/Pico_SDK_v1.5.1/pico-sdk/src/rp2_common/pico_standard_link/binary_info.c.obj
 .rodata.__bi_75
                0x10007278        0xc CMakeFiles/pico_hid_test.dir/C_/Program_Files/Raspberry_Pi/Pico_SDK_v1.5.1/pico-sdk/src/rp2_common/pico_standard_link/binary_info.c.obj
 .rodata.__bi_81
                0x10007284        0xc CMakeFiles/pico_hid_test.dir/C_/Program_Files/Raspberry_Pi/Pico_SDK_v1.5.1/pico-sdk/src/rp2_common/pico_standard_link/binary_info.c.obj
 .rodata.stdout_serialize_begin.str1.4
                0x10007290       0x7d CMakeFiles/pico_hid_test.dir/C_/Program_Files/Raspberry_Pi/Pico_SDK_v1.5.1/pico-sdk/src/rp2_common/pico_stdio/stdio.c.obj
 .rodata.__func__.3
                0x10007290       0x15 CMakeFiles/pico_hid_test.dir/C_/Program_Files/Raspberry_Pi/Pico_SDK_v1.5.1/pico-sdk/src/rp2_common/pico_stdio/stdio.c.obj
 *fill*         0x100072a5        0x3 
 .rodata.crlf_str.2
                0x100072a8        0x2 CMakeFiles/pico_hid_test.dir/C_/Program_Files/Raspberry_Pi/Pico_SDK_v1.5.1/pico-sdk/src/rp2_common/pico_stdio/stdio.c.obj
 *fill*         0x100072aa        0x2 
 .rodata.str1.4
                0x100072ac      0x176 CMakeFiles/pico_hid_test.dir/C_/Program_Files/Raspberry_Pi/Pico_SDK_v1.5.1/pico-sdk/src/rp2_common/hardware_flash/flash.c.obj
 *fill*         0x10007422        0x2 
 .rodata.__func__.0
                0x10007424        0xd CMakeFiles/pico_hid_test.dir/C_/Program_Files/Raspberry_Pi/Pico_SDK_v1.5.1/pico-sdk/src/rp2_common/hardware_flash/flash.c.obj
 *fill*         0x10007431        0x3 
 .rodata._hw_endpoint_alloc.str1.4
                0x10007434       0xd1 CMakeFiles/pico_hid_test.dir/C_/Program_Files/Raspberry_Pi/Pico_SDK_v1.5.1/pico-sdk/lib/tinyusb/src/portable/raspberrypi/rp2040/dcd_rp2040.c.obj
 *fill*         0x10007505        0x3 
 .rodata.str1.4
                0x10007508       0x14 CMakeFiles/pico_hid_test.dir/C_/Program_Files/Raspberry_Pi/Pico_SDK_v1.5.1/pico-sdk/lib/tinyusb/src/portable/raspberrypi/rp2040/dcd_rp2040.c.obj
 .rodata.dcd_int_enable.str1.4
                0x1000751c        0xc CMakeFiles/pico_hid_test.dir/C_/Program_Files/Raspberry_Pi/Pico_SDK_v1.5.1/pico-sdk/lib/tinyusb/src/portable/raspberrypi/rp2040/dcd_rp2040.c.obj
 .rodata.__func__.0
                0x10007528        0xe CMakeFiles/pico_hid_test.dir/C_/Program_Files/Raspberry_Pi/Pico_SDK_v1.5.1/pico-sdk/lib/tinyusb/src/portable/raspberrypi/rp2040/dcd_rp2040.c.obj
 *fill*         0x10007536        0x2 
 .rodata.__func__.1
                0x10007538        0xe CMakeFiles/pico_hid_test.dir/C_/Program_Files/Raspberry_Pi/Pico_SDK_v1.5.1/pico-sdk/lib/tinyusb/src/portable/raspberrypi/rp2040/dcd_rp2040.c.obj
 *fill*         0x10007546        0x2 
 .rodata.__func__.3
                0x10007548       0x10 CMakeFiles/pico_hid_test.dir/C_/Program_Files/Raspberry_Pi/Pico_SDK_v1.5.1/pico-sdk/lib/tinyusb/src/portable/raspberrypi/rp2040/dcd_rp2040.c.obj
 .rodata.__func__.5
                0x10007558        0xf CMakeFiles/pico_hid_test.dir/C_/Program_Files/Raspberry_Pi/Pico_SDK_v1.5.1/pico-sdk/lib/tinyusb/src/portable/raspberrypi/rp2040/dcd_rp2040.c.obj
 *fill*         0x10007567        0x1 
 .rodata.__func__.6
                0x10007568       0x13 CMakeFiles/pico_hid_test.dir/C_/Program_Files/Raspberry_Pi/Pico_SDK_v1.5.1/pico-sdk/lib/tinyusb/src/portable/raspberrypi/rp2040/dcd_rp2040.c.obj
 *fill*         0x1000757b        0x1 
 .rodata.__func__.7
                0x1000757c        0x9 CMakeFiles/pico_hid_test.dir/C_/Program_Files/Raspberry_Pi/Pico_SDK_v1.5.1/pico-sdk/lib/tinyusb/src/portable/raspberrypi/rp2040/dcd_rp2040.c.obj
 *fill*         0x10007585        0x3 
 .rodata.str1.4
                0x10007588      0x103 CMakeFiles/pico_hid_test.dir/C_/Program_Files/Raspberry_Pi/Pico_SDK_v1.5.1/pico-sdk/lib/tinyusb/src/portable/raspberrypi/rp2040/rp2040_usb.c.obj
 *fill*         0x1000768b        0x1 
 .rodata.__func__.0
                0x1000768c        0xf CMakeFiles/pico_hid_test.dir/C_/Program_Files/Raspberry_Pi/Pico_SDK_v1.5.1/pico-sdk/lib/tinyusb/src/portable/raspberrypi/rp2040/rp2040_usb.c.obj
 *fill*         0x1000769b        0x1 
 .rodata.process_get_descriptor
                0x1000769c       0x40 CMakeFiles/pico_hid_test.dir/C_/Program_Files/Raspberry_Pi/Pico_SDK_v1.5.1/pico-sdk/lib/tinyusb/src/device/usbd.c.obj
 .rodata.process_control_request
                0x100076dc       0x28 CMakeFiles/pico_hid_test.dir/C_/Program_Files/Raspberry_Pi/Pico_SDK_v1.5.1/pico-sdk/lib/tinyusb/src/device/usbd.c.obj
 .rodata.tud_task_ext
                0x10007704       0x24 CMakeFiles/pico_hid_test.dir/C_/Program_Files/Raspberry_Pi/Pico_SDK_v1.5.1/pico-sdk/lib/tinyusb/src/device/usbd.c.obj
 .rodata._usbd_driver
                0x10007728       0x18 CMakeFiles/pico_hid_test.dir/C_/Program_Files/Raspberry_Pi/Pico_SDK_v1.5.1/pico-sdk/lib/tinyusb/src/device/usbd.c.obj
 .rodata.hidd_control_xfer_cb
                0x10007740       0x30 CMakeFiles/pico_hid_test.dir/C_/Program_Files/Raspberry_Pi/Pico_SDK_v1.5.1/pico-sdk/lib/tinyusb/src/class/hid/hid_device.c.obj
 .rodata.str1.4
                0x10007770        0x4 CMakeFiles/pico_hid_test.dir/C_/Program_Files/Raspberry_Pi/Pico_SDK_v1.5.1/pico-sdk/lib/tinyusb/hw/bsp/rp2040/family.c.obj
 .rodata.__bi_142.0
                0x10007774        0xc CMakeFiles/pico_hid_test.dir/C_/Program_Files/Raspberry_Pi/Pico_SDK_v1.5.1/pico-sdk/lib/tinyusb/hw/bsp/rp2040/family.c.obj
                0x10007780                . = ALIGN (0x4)
 *(SORT_BY_ALIGNMENT(SORT_BY_NAME(.flashdata*)))
                0x10007780                . = ALIGN (0x4)

.ARM.extab
 *(.ARM.extab* .gnu.linkonce.armextab.*)
                0x10007780                __exidx_start = .

.ARM.exidx
 *(.ARM.exidx* .gnu.linkonce.armexidx.*)
                0x10007780                __exidx_end = .
                0x10007780                . = ALIGN (0x4)
                0x10007780                __binary_info_start = .

.binary_info    0x10007780       0x20
 *(.binary_info.keep.*)
 .binary_info.keep.__bi_ptr22
                0x10007780        0x4 CMakeFiles/pico_hid_test.dir/C_/Program_Files/Raspberry_Pi/Pico_SDK_v1.5.1/pico-sdk/src/rp2_common/pico_standard_link/binary_info.c.obj
 .binary_info.keep.__bi_ptr30
                0x10007784        0x4 CMakeFiles/pico_hid_test.dir/C_/Program_Files/Raspberry_Pi/Pico_SDK_v1.5.1/pico-sdk/src/rp2_common/pico_standard_link/binary_info.c.obj
 .binary_info.keep.__bi_ptr38
                0x10007788        0x4 CMakeFiles/pico_hid_test.dir/C_/Program_Files/Raspberry_Pi/Pico_SDK_v1.5.1/pico-sdk/src/rp2_common/pico_standard_link/binary_info.c.obj
 .binary_info.keep.__bi_ptr44
                0x1000778c        0x4 CMakeFiles/pico_hid_test.dir/C_/Program_Files/Raspberry_Pi/Pico_SDK_v1.5.1/pico-sdk/src/rp2_common/pico_standard_link/binary_info.c.obj
 .binary_info.keep.__bi_ptr50
                0x10007790        0x4 CMakeFiles/pico_hid_test.dir/C_/Program_Files/Raspberry_Pi/Pico_SDK_v1.5.1/pico-sdk/src/rp2_common/pico_standard_link/binary_info.c.obj
 .binary_info.keep.__bi_ptr75
                0x10007794        0x4 CMakeFiles/pico_hid_test.dir/C_/Program_Files/Raspberry_Pi/Pico_SDK_v1.5.1/pico-sdk/src/rp2_common/pico_standard_link/binary_info.c.obj
 .binary_info.keep.__bi_ptr81
                0x10007798        0x4 CMakeFiles/pico_hid_test.dir/C_/Program_Files/Raspberry_Pi/Pico_SDK_v1.5.1/pico-sdk/src/rp2_common/pico_standard_link/binary_info.c.obj
 .binary_info.keep.__bi_ptr142
                0x1000779c        0x4 CMakeFiles/pico_hid_test.dir/C_/Program_Files/Raspberry_Pi/Pico_SDK_v1.5.1/pico-sdk/lib/tinyusb/hw/bsp/rp2040/family.c.obj
 *(.binary_info.*)
                0x100077a0                __binary_info_end = .

.rel.dyn        0x100077a0        0x0
 .rel.iplt      0x100077a0        0x0 c:/progra~1/raspbe~1/picosd~1.1/gcc-ar~1/bin/../lib/gcc/arm-none-eabi/10.3.1/thumb/v6-m/nofp/crtbegin.o
                0x100077a0                . = ALIGN (0x4)

.ram_vector_table
                0x20000000       0xc0
 *(.ram_vector_table)
 .ram_vector_table
                0x20000000       0xc0 CMakeFiles/pico_hid_test.dir/C_/Program_Files/Raspberry_Pi/Pico_SDK_v1.5.1/pico-sdk/src/rp2_common/pico_runtime/runtime.c.obj
                0x20000000                ram_vector_table

.data           0x200000c0      0xbe8 load address 0x100077a0
                0x200000c0                __data_start__ = .
 *(vtable)
 *(.time_critical*)
 .time_critical.mutex_try_enter
                0x200000c0       0x46 CMakeFiles/pico_hid_test.dir/C_/Program_Files/Raspberry_Pi/Pico_SDK_v1.5.1/pico-sdk/src/common/pico_sync/mutex.c.obj
                0x200000c0                mutex_try_enter
 *fill*         0x20000106        0x2 
 .time_critical.mutex_enter_block_until
                0x20000108       0x8c CMakeFiles/pico_hid_test.dir/C_/Program_Files/Raspberry_Pi/Pico_SDK_v1.5.1/pico-sdk/src/common/pico_sync/mutex.c.obj
                0x20000108                mutex_enter_block_until
 .time_critical.mutex_try_enter_block_until
                0x20000194       0x34 CMakeFiles/pico_hid_test.dir/C_/Program_Files/Raspberry_Pi/Pico_SDK_v1.5.1/pico-sdk/src/common/pico_sync/mutex.c.obj
                0x20000194                mutex_try_enter_block_until
 .time_critical.mutex_enter_timeout_ms
                0x200001c8       0x68 CMakeFiles/pico_hid_test.dir/C_/Program_Files/Raspberry_Pi/Pico_SDK_v1.5.1/pico-sdk/src/common/pico_sync/mutex.c.obj
                0x200001c8                mutex_enter_timeout_ms
 .time_critical.mutex_exit
                0x20000230       0x4c CMakeFiles/pico_hid_test.dir/C_/Program_Files/Raspberry_Pi/Pico_SDK_v1.5.1/pico-sdk/src/common/pico_sync/mutex.c.obj
                0x20000230                mutex_exit
 .time_critical.flash_init_boot2_copyout
                0x2000027c       0x30 CMakeFiles/pico_hid_test.dir/C_/Program_Files/Raspberry_Pi/Pico_SDK_v1.5.1/pico-sdk/src/rp2_common/hardware_flash/flash.c.obj
 .time_critical.flash_enable_xip_via_boot2
                0x200002ac       0x10 CMakeFiles/pico_hid_test.dir/C_/Program_Files/Raspberry_Pi/Pico_SDK_v1.5.1/pico-sdk/src/rp2_common/hardware_flash/flash.c.obj
 .time_critical.flash_cs_force
                0x200002bc       0x28 CMakeFiles/pico_hid_test.dir/C_/Program_Files/Raspberry_Pi/Pico_SDK_v1.5.1/pico-sdk/src/rp2_common/hardware_flash/flash.c.obj
 .time_critical.flash_do_cmd
                0x200002e4       0xd8 CMakeFiles/pico_hid_test.dir/C_/Program_Files/Raspberry_Pi/Pico_SDK_v1.5.1/pico-sdk/src/rp2_common/hardware_flash/flash.c.obj
                0x200002e4                flash_do_cmd
 .time_critical.reset_non_control_endpoints
                0x200003bc       0x40 CMakeFiles/pico_hid_test.dir/C_/Program_Files/Raspberry_Pi/Pico_SDK_v1.5.1/pico-sdk/lib/tinyusb/src/portable/raspberrypi/rp2040/dcd_rp2040.c.obj
 .time_critical.hw_handle_buff_status
                0x200003fc       0xa4 CMakeFiles/pico_hid_test.dir/C_/Program_Files/Raspberry_Pi/Pico_SDK_v1.5.1/pico-sdk/lib/tinyusb/src/portable/raspberrypi/rp2040/dcd_rp2040.c.obj
 .time_critical.dcd_rp2040_irq
                0x200004a0      0x1cc CMakeFiles/pico_hid_test.dir/C_/Program_Files/Raspberry_Pi/Pico_SDK_v1.5.1/pico-sdk/lib/tinyusb/src/portable/raspberrypi/rp2040/dcd_rp2040.c.obj
 .time_critical.e15_is_bulkin_ep
                0x2000066c       0x2c CMakeFiles/pico_hid_test.dir/C_/Program_Files/Raspberry_Pi/Pico_SDK_v1.5.1/pico-sdk/lib/tinyusb/src/portable/raspberrypi/rp2040/rp2040_usb.c.obj
 .time_critical.e15_is_critical_frame_period
                0x20000698       0x30 CMakeFiles/pico_hid_test.dir/C_/Program_Files/Raspberry_Pi/Pico_SDK_v1.5.1/pico-sdk/lib/tinyusb/src/portable/raspberrypi/rp2040/rp2040_usb.c.obj
 .time_critical.prepare_ep_buffer
                0x200006c8       0x70 CMakeFiles/pico_hid_test.dir/C_/Program_Files/Raspberry_Pi/Pico_SDK_v1.5.1/pico-sdk/lib/tinyusb/src/portable/raspberrypi/rp2040/rp2040_usb.c.obj
 .time_critical.sync_ep_buffer
                0x20000738       0x80 CMakeFiles/pico_hid_test.dir/C_/Program_Files/Raspberry_Pi/Pico_SDK_v1.5.1/pico-sdk/lib/tinyusb/src/portable/raspberrypi/rp2040/rp2040_usb.c.obj
 .time_critical._hw_endpoint_xfer_sync
                0x200007b8       0x28 CMakeFiles/pico_hid_test.dir/C_/Program_Files/Raspberry_Pi/Pico_SDK_v1.5.1/pico-sdk/lib/tinyusb/src/portable/raspberrypi/rp2040/rp2040_usb.c.obj
 .time_critical.hw_endpoint_reset_transfer
                0x200007e0        0xc CMakeFiles/pico_hid_test.dir/C_/Program_Files/Raspberry_Pi/Pico_SDK_v1.5.1/pico-sdk/lib/tinyusb/src/portable/raspberrypi/rp2040/rp2040_usb.c.obj
                0x200007e0                hw_endpoint_reset_transfer
 .time_critical._hw_endpoint_buffer_control_update32
                0x200007ec       0x58 CMakeFiles/pico_hid_test.dir/C_/Program_Files/Raspberry_Pi/Pico_SDK_v1.5.1/pico-sdk/lib/tinyusb/src/portable/raspberrypi/rp2040/rp2040_usb.c.obj
                0x200007ec                _hw_endpoint_buffer_control_update32
 .time_critical.hw_endpoint_start_next_buffer
                0x20000844       0x88 CMakeFiles/pico_hid_test.dir/C_/Program_Files/Raspberry_Pi/Pico_SDK_v1.5.1/pico-sdk/lib/tinyusb/src/portable/raspberrypi/rp2040/rp2040_usb.c.obj
                0x20000844                hw_endpoint_start_next_buffer
 .time_critical.hw_endpoint_xfer_continue
                0x200008cc       0x50 CMakeFiles/pico_hid_test.dir/C_/Program_Files/Raspberry_Pi/Pico_SDK_v1.5.1/pico-sdk/lib/tinyusb/src/portable/raspberrypi/rp2040/rp2040_usb.c.obj
                0x200008cc                hw_endpoint_xfer_continue
 .time_critical.tinyusb
                0x2000091c      0x200 CMakeFiles/pico_hid_test.dir/C_/Program_Files/Raspberry_Pi/Pico_SDK_v1.5.1/pico-sdk/lib/tinyusb/src/device/usbd.c.obj
                0x2000091c                dcd_event_handler
 *(.text*)
 .text          0x20000b1c        0x4 c:/progra~1/raspbe~1/picosd~1.1/gcc-ar~1/bin/../lib/gcc/arm-none-eabi/10.3.1/thumb/v6-m/nofp\libgcc.a(_dvmd_tls.o)
                0x20000b1c                __aeabi_idiv0
                0x20000b1c                __aeabi_ldiv0
 .text.__stub   0x20000b20       0x90 linker stubs
                0x20000bb0                . = ALIGN (0x4)
 *(.rodata*)
                0x20000bb0                . = ALIGN (0x4)
 *(.data*)
 .data.string_desc_arr
                0x20000bb0       0x10 CMakeFiles/pico_hid_test.dir/usb_descriptors.c.obj
                0x20000bb0                string_desc_arr
 .data.striped_spin_lock_num
                0x20000bc0        0x1 CMakeFiles/pico_hid_test.dir/C_/Program_Files/Raspberry_Pi/Pico_SDK_v1.5.1/pico-sdk/src/rp2_common/hardware_sync/sync.c.obj
 *fill*         0x20000bc1        0x3 
 .data          0x20000bc4       0x48 CMakeFiles/pico_hid_test.dir/C_/Program_Files/Raspberry_Pi/Pico_SDK_v1.5.1/pico-sdk/src/rp2_common/hardware_irq/irq_handler_chain.S.obj
                0x20000bc4                irq_handler_chain_slots
                0x20000bf4                irq_handler_chain_first_slot
                0x20000bfe                irq_handler_chain_remove_tail
 .data.default_alarm_pool
                0x20000c0c       0x18 CMakeFiles/pico_hid_test.dir/C_/Program_Files/Raspberry_Pi/Pico_SDK_v1.5.1/pico-sdk/src/common/pico_time/time.c.obj
 .data.default_alarm_pool_heap
                0x20000c24       0x10 CMakeFiles/pico_hid_test.dir/C_/Program_Files/Raspberry_Pi/Pico_SDK_v1.5.1/pico-sdk/src/common/pico_time/time.c.obj
 *fill*         0x20000c34        0xc 
 .data.aeabi_bits_funcs
                0x20000c40       0x10 CMakeFiles/pico_hid_test.dir/C_/Program_Files/Raspberry_Pi/Pico_SDK_v1.5.1/pico-sdk/src/rp2_common/pico_bit_ops/bit_ops_aeabi.S.obj
                0x20000c40                aeabi_bits_funcs
                0x20000c50                aeabi_bits_funcs_end
 .data.aeabi_mem_funcs
                0x20000c50       0x10 CMakeFiles/pico_hid_test.dir/C_/Program_Files/Raspberry_Pi/Pico_SDK_v1.5.1/pico-sdk/src/rp2_common/pico_mem_ops/mem_ops_aeabi.S.obj
                0x20000c50                aeabi_mem_funcs
                0x20000c60                aeabi_mem_funcs_end
 .data.ep_dir_string
                0x20000c60        0x8 CMakeFiles/pico_hid_test.dir/C_/Program_Files/Raspberry_Pi/Pico_SDK_v1.5.1/pico-sdk/lib/tinyusb/src/portable/raspberrypi/rp2040/rp2040_usb.c.obj
                0x20000c60                ep_dir_string
 .data._usbd_qdef
                0x20000c68       0x1c CMakeFiles/pico_hid_test.dir/C_/Program_Files/Raspberry_Pi/Pico_SDK_v1.5.1/pico-sdk/lib/tinyusb/src/device/usbd.c.obj
                0x20000c68                _usbd_qdef
 .data._usbd_rhport
                0x20000c84        0x1 CMakeFiles/pico_hid_test.dir/C_/Program_Files/Raspberry_Pi/Pico_SDK_v1.5.1/pico-sdk/lib/tinyusb/src/device/usbd.c.obj
                0x20000c88                . = ALIGN (0x4)
 *fill*         0x20000c85        0x3 
 *(.after_data.*)
                0x20000c88                . = ALIGN (0x4)
                0x20000c88                PROVIDE (__mutex_array_start = .)
 *(SORT_BY_NAME(.mutex_array.*))
 *(.mutex_array)
 .mutex_array   0x20000c88        0x8 CMakeFiles/pico_hid_test.dir/C_/Program_Files/Raspberry_Pi/Pico_SDK_v1.5.1/pico-sdk/src/rp2_common/pico_stdio/stdio.c.obj
                0x20000c90                PROVIDE (__mutex_array_end = .)
                0x20000c90                . = ALIGN (0x4)
                0x20000c90                PROVIDE (__preinit_array_start = .)
 *(SORT_BY_NAME(.preinit_array.*))
 .preinit_array.00001
                0x20000c90        0x4 CMakeFiles/pico_hid_test.dir/C_/Program_Files/Raspberry_Pi/Pico_SDK_v1.5.1/pico-sdk/src/rp2_common/pico_mem_ops/mem_ops_aeabi.S.obj
 .preinit_array.00010
                0x20000c94        0x4 CMakeFiles/pico_hid_test.dir/C_/Program_Files/Raspberry_Pi/Pico_SDK_v1.5.1/pico-sdk/src/rp2_common/pico_bit_ops/bit_ops_aeabi.S.obj
 .preinit_array.00020
                0x20000c98        0x4 CMakeFiles/pico_hid_test.dir/C_/Program_Files/Raspberry_Pi/Pico_SDK_v1.5.1/pico-sdk/src/rp2_common/pico_double/double_aeabi.S.obj
 .preinit_array.00020
                0x20000c9c        0x4 CMakeFiles/pico_hid_test.dir/C_/Program_Files/Raspberry_Pi/Pico_SDK_v1.5.1/pico-sdk/src/rp2_common/pico_float/float_aeabi.S.obj
 *(.preinit_array)
                0x20000ca0                PROVIDE (__preinit_array_end = .)
                0x20000ca0                . = ALIGN (0x4)
                0x20000ca0                PROVIDE (__init_array_start = .)
 *(SORT_BY_NAME(.init_array.*))
 *(.init_array)
 .init_array    0x20000ca0        0x4 c:/progra~1/raspbe~1/picosd~1.1/gcc-ar~1/bin/../lib/gcc/arm-none-eabi/10.3.1/thumb/v6-m/nofp/crtbegin.o
 .init_array    0x20000ca4        0x4 CMakeFiles/pico_hid_test.dir/C_/Program_Files/Raspberry_Pi/Pico_SDK_v1.5.1/pico-sdk/src/rp2_common/pico_unique_id/unique_id.c.obj
                0x20000ca8                PROVIDE (__init_array_end = .)
                0x20000ca8                . = ALIGN (0x4)
                [!provide]                PROVIDE (__fini_array_start = .)
 *(SORT_BY_NAME(.fini_array.*))
 *(.fini_array)
                [!provide]                PROVIDE (__fini_array_end = .)
 *(.jcr)
                0x20000ca8                . = ALIGN (0x4)
                0x20000ca8                __data_end__ = .
                0x100077a0                __etext = LOADADDR (.data)

.igot.plt       0x20000ca8        0x0 load address 0x10008388
 .igot.plt      0x20000ca8        0x0 c:/progra~1/raspbe~1/picosd~1.1/gcc-ar~1/bin/../lib/gcc/arm-none-eabi/10.3.1/thumb/v6-m/nofp/crtbegin.o

.uninitialized_data
                0x20000ca8        0x0 load address 0x10008388
                0x20000ca8                . = ALIGN (0x4)
 *(.uninitialized_data*)

.scratch_x      0x20040000        0x0 load address 0x10008388
                0x20040000                __scratch_x_start__ = .
 *(.scratch_x.*)
                0x20040000                . = ALIGN (0x4)
                0x20040000                __scratch_x_end__ = .
                0x10008388                __scratch_x_source__ = LOADADDR (.scratch_x)

.scratch_y      0x20041000        0x0 load address 0x10008388
                0x20041000                __scratch_y_start__ = .
 *(.scratch_y.*)
                0x20041000                . = ALIGN (0x4)
                0x20041000                __scratch_y_end__ = .
                0x10008388                __scratch_y_source__ = LOADADDR (.scratch_y)

.bss            0x20000ca8      0xbdc
                0x20000ca8                . = ALIGN (0x4)
                0x20000ca8                __bss_start__ = .
 *(SORT_BY_ALIGNMENT(SORT_BY_NAME(.bss*)))
 .bss.default_alarm_pool_entries
                0x20000ca8      0x100 CMakeFiles/pico_hid_test.dir/C_/Program_Files/Raspberry_Pi/Pico_SDK_v1.5.1/pico-sdk/src/common/pico_time/time.c.obj
 .bss           0x20000da8       0x1c c:/progra~1/raspbe~1/picosd~1.1/gcc-ar~1/bin/../lib/gcc/arm-none-eabi/10.3.1/thumb/v6-m/nofp/crtbegin.o
 .bss._app_driver
                0x20000dc4        0x4 CMakeFiles/pico_hid_test.dir/C_/Program_Files/Raspberry_Pi/Pico_SDK_v1.5.1/pico-sdk/lib/tinyusb/src/device/usbd.c.obj
 .bss._ctrl_xfer
                0x20000dc8       0x14 CMakeFiles/pico_hid_test.dir/C_/Program_Files/Raspberry_Pi/Pico_SDK_v1.5.1/pico-sdk/lib/tinyusb/src/device/usbd_control.c.obj
 .bss._desc_str
                0x20000ddc       0x40 CMakeFiles/pico_hid_test.dir/usb_descriptors.c.obj
 .bss._hidd_itf
                0x20000e1c       0x2c CMakeFiles/pico_hid_test.dir/C_/Program_Files/Raspberry_Pi/Pico_SDK_v1.5.1/pico-sdk/lib/tinyusb/src/class/hid/hid_device.c.obj
 .bss._ubsd_mutexdef
                0x20000e48        0x8 CMakeFiles/pico_hid_test.dir/C_/Program_Files/Raspberry_Pi/Pico_SDK_v1.5.1/pico-sdk/lib/tinyusb/src/device/usbd.c.obj
 .bss._usbd_ctrl_buf
                0x20000e50       0x40 CMakeFiles/pico_hid_test.dir/C_/Program_Files/Raspberry_Pi/Pico_SDK_v1.5.1/pico-sdk/lib/tinyusb/src/device/usbd_control.c.obj
 .bss._usbd_dev
                0x20000e90       0x53 CMakeFiles/pico_hid_test.dir/C_/Program_Files/Raspberry_Pi/Pico_SDK_v1.5.1/pico-sdk/lib/tinyusb/src/device/usbd.c.obj
 *fill*         0x20000ee3        0x1 
 .bss._usbd_mutex
                0x20000ee4        0x4 CMakeFiles/pico_hid_test.dir/C_/Program_Files/Raspberry_Pi/Pico_SDK_v1.5.1/pico-sdk/lib/tinyusb/src/device/usbd.c.obj
 .bss._usbd_q   0x20000ee8        0x4 CMakeFiles/pico_hid_test.dir/C_/Program_Files/Raspberry_Pi/Pico_SDK_v1.5.1/pico-sdk/lib/tinyusb/src/device/usbd.c.obj
 .bss._usbd_qdef_buf
                0x20000eec       0xc0 CMakeFiles/pico_hid_test.dir/C_/Program_Files/Raspberry_Pi/Pico_SDK_v1.5.1/pico-sdk/lib/tinyusb/src/device/usbd.c.obj
                0x20000eec                _usbd_qdef_buf
 .bss.alarm_callbacks
                0x20000fac       0x10 CMakeFiles/pico_hid_test.dir/C_/Program_Files/Raspberry_Pi/Pico_SDK_v1.5.1/pico-sdk/src/rp2_common/hardware_timer/timer.c.obj
 .bss.boot2_copyout
                0x20000fbc      0x100 CMakeFiles/pico_hid_test.dir/C_/Program_Files/Raspberry_Pi/Pico_SDK_v1.5.1/pico-sdk/src/rp2_common/hardware_flash/flash.c.obj
 .bss.claimed   0x200010bc        0x4 CMakeFiles/pico_hid_test.dir/C_/Program_Files/Raspberry_Pi/Pico_SDK_v1.5.1/pico-sdk/src/rp2_common/hardware_sync/sync.c.obj
 .bss.configured_freq
                0x200010c0       0x28 CMakeFiles/pico_hid_test.dir/C_/Program_Files/Raspberry_Pi/Pico_SDK_v1.5.1/pico-sdk/src/rp2_common/hardware_clocks/clocks.c.obj
 .bss.default_alarm_pool_entry_ids_high
                0x200010e8       0x10 CMakeFiles/pico_hid_test.dir/C_/Program_Files/Raspberry_Pi/Pico_SDK_v1.5.1/pico-sdk/src/common/pico_time/time.c.obj
 .bss.default_alarm_pool_heap_nodes
                0x200010f8       0x30 CMakeFiles/pico_hid_test.dir/C_/Program_Files/Raspberry_Pi/Pico_SDK_v1.5.1/pico-sdk/src/common/pico_time/time.c.obj
 .bss.drivers   0x20001128        0x4 CMakeFiles/pico_hid_test.dir/C_/Program_Files/Raspberry_Pi/Pico_SDK_v1.5.1/pico-sdk/src/rp2_common/pico_stdio/stdio.c.obj
 .bss.e15_last_sof
                0x2000112c        0x4 CMakeFiles/pico_hid_test.dir/C_/Program_Files/Raspberry_Pi/Pico_SDK_v1.5.1/pico-sdk/lib/tinyusb/src/portable/raspberrypi/rp2040/rp2040_usb.c.obj
                0x2000112c                e15_last_sof
 .bss.filter    0x20001130        0x4 CMakeFiles/pico_hid_test.dir/C_/Program_Files/Raspberry_Pi/Pico_SDK_v1.5.1/pico-sdk/src/rp2_common/pico_stdio/stdio.c.obj
 .bss.hw_endpoints
                0x20001134      0x400 CMakeFiles/pico_hid_test.dir/C_/Program_Files/Raspberry_Pi/Pico_SDK_v1.5.1/pico-sdk/lib/tinyusb/src/portable/raspberrypi/rp2040/dcd_rp2040.c.obj
 .bss.next_buffer_ptr
                0x20001534        0x4 CMakeFiles/pico_hid_test.dir/C_/Program_Files/Raspberry_Pi/Pico_SDK_v1.5.1/pico-sdk/lib/tinyusb/src/portable/raspberrypi/rp2040/dcd_rp2040.c.obj
 .bss.pools     0x20001538       0x10 CMakeFiles/pico_hid_test.dir/C_/Program_Files/Raspberry_Pi/Pico_SDK_v1.5.1/pico-sdk/src/common/pico_time/time.c.obj
 .bss.retrieved_id